Archive member included to satisfy reference by file (symbol)

/usr/lib/gcc/arm-none-eabi/9.2.1/thumb/v7-m/nofp/libgcc.a(_arm_muldf3.o)
                              Core/Src/temp_lib.o (__aeabi_dmul)
/usr/lib/gcc/arm-none-eabi/9.2.1/thumb/v7-m/nofp/libgcc.a(_arm_addsubdf3.o)
                              Core/Src/main.o (__aeabi_ui2d)
/usr/lib/gcc/arm-none-eabi/9.2.1/thumb/v7-m/nofp/libgcc.a(_arm_muldivdf3.o)
                              Core/Src/main.o (__aeabi_ddiv)
/usr/lib/gcc/arm-none-eabi/9.2.1/thumb/v7-m/nofp/libgcc.a(_arm_truncdfsf2.o)
                              Core/Src/main.o (__aeabi_d2f)
/usr/lib/gcc/arm-none-eabi/9.2.1/../../../arm-none-eabi/lib/thumb/v7-m/nofp/libc.a(lib_a-atexit.o)
                              /usr/lib/gcc/arm-none-eabi/9.2.1/../../../arm-none-eabi/lib/thumb/v7-m/nofp/crt0.o (atexit)
/usr/lib/gcc/arm-none-eabi/9.2.1/../../../arm-none-eabi/lib/thumb/v7-m/nofp/libc.a(lib_a-atoi.o)
                              Core/Src/bluetooth_lib.o (atoi)
/usr/lib/gcc/arm-none-eabi/9.2.1/../../../arm-none-eabi/lib/thumb/v7-m/nofp/libc.a(lib_a-efgcvt.o)
                              Core/Src/main.o (gcvt)
/usr/lib/gcc/arm-none-eabi/9.2.1/../../../arm-none-eabi/lib/thumb/v7-m/nofp/libc.a(lib_a-errno.o)
                              Core/Src/syscalls.o (__errno)
/usr/lib/gcc/arm-none-eabi/9.2.1/../../../arm-none-eabi/lib/thumb/v7-m/nofp/libc.a(lib_a-exit.o)
                              /usr/lib/gcc/arm-none-eabi/9.2.1/../../../arm-none-eabi/lib/thumb/v7-m/nofp/crt0.o (exit)
/usr/lib/gcc/arm-none-eabi/9.2.1/../../../arm-none-eabi/lib/thumb/v7-m/nofp/libc.a(lib_a-fini.o)
                              /usr/lib/gcc/arm-none-eabi/9.2.1/../../../arm-none-eabi/lib/thumb/v7-m/nofp/crt0.o (__libc_fini_array)
/usr/lib/gcc/arm-none-eabi/9.2.1/../../../arm-none-eabi/lib/thumb/v7-m/nofp/libc.a(lib_a-impure.o)
                              /usr/lib/gcc/arm-none-eabi/9.2.1/../../../arm-none-eabi/lib/thumb/v7-m/nofp/libc.a(lib_a-exit.o) (_global_impure_ptr)
/usr/lib/gcc/arm-none-eabi/9.2.1/../../../arm-none-eabi/lib/thumb/v7-m/nofp/libc.a(lib_a-init.o)
                              /usr/lib/gcc/arm-none-eabi/9.2.1/../../../arm-none-eabi/lib/thumb/v7-m/nofp/crt0.o (__libc_init_array)
/usr/lib/gcc/arm-none-eabi/9.2.1/../../../arm-none-eabi/lib/thumb/v7-m/nofp/libc.a(lib_a-memset.o)
                              /usr/lib/gcc/arm-none-eabi/9.2.1/../../../arm-none-eabi/lib/thumb/v7-m/nofp/crt0.o (memset)
/usr/lib/gcc/arm-none-eabi/9.2.1/../../../arm-none-eabi/lib/thumb/v7-m/nofp/libc.a(lib_a-strlen-stub.o)
                              Core/Src/bluetooth_lib.o (strlen)
/usr/lib/gcc/arm-none-eabi/9.2.1/../../../arm-none-eabi/lib/thumb/v7-m/nofp/libc.a(lib_a-strtok.o)
                              Core/Src/bluetooth_lib.o (strtok)
/usr/lib/gcc/arm-none-eabi/9.2.1/../../../arm-none-eabi/lib/thumb/v7-m/nofp/libc.a(lib_a-strtok_r.o)
                              /usr/lib/gcc/arm-none-eabi/9.2.1/../../../arm-none-eabi/lib/thumb/v7-m/nofp/libc.a(lib_a-strtok.o) (__strtok_r)
/usr/lib/gcc/arm-none-eabi/9.2.1/../../../arm-none-eabi/lib/thumb/v7-m/nofp/libc.a(lib_a-strtol.o)
                              /usr/lib/gcc/arm-none-eabi/9.2.1/../../../arm-none-eabi/lib/thumb/v7-m/nofp/libc.a(lib_a-atoi.o) (_strtol_r)
/usr/lib/gcc/arm-none-eabi/9.2.1/../../../arm-none-eabi/lib/thumb/v7-m/nofp/libc.a(lib_a-__atexit.o)
                              /usr/lib/gcc/arm-none-eabi/9.2.1/../../../arm-none-eabi/lib/thumb/v7-m/nofp/libc.a(lib_a-atexit.o) (__register_exitproc)
/usr/lib/gcc/arm-none-eabi/9.2.1/../../../arm-none-eabi/lib/thumb/v7-m/nofp/libc.a(lib_a-__call_atexit.o)
                              /usr/lib/gcc/arm-none-eabi/9.2.1/../../../arm-none-eabi/lib/thumb/v7-m/nofp/libc.a(lib_a-exit.o) (__call_exitprocs)
/usr/lib/gcc/arm-none-eabi/9.2.1/../../../arm-none-eabi/lib/thumb/v7-m/nofp/libc.a(lib_a-ctype_.o)
                              /usr/lib/gcc/arm-none-eabi/9.2.1/../../../arm-none-eabi/lib/thumb/v7-m/nofp/libc.a(lib_a-strtol.o) (_ctype_)
/usr/lib/gcc/arm-none-eabi/9.2.1/../../../arm-none-eabi/lib/thumb/v7-m/nofp/libc.a(lib_a-ecvtbuf.o)
                              /usr/lib/gcc/arm-none-eabi/9.2.1/../../../arm-none-eabi/lib/thumb/v7-m/nofp/libc.a(lib_a-efgcvt.o) (fcvtbuf)
/usr/lib/gcc/arm-none-eabi/9.2.1/../../../arm-none-eabi/lib/thumb/v7-m/nofp/libc.a(lib_a-mprec.o)
                              /usr/lib/gcc/arm-none-eabi/9.2.1/../../../arm-none-eabi/lib/thumb/v7-m/nofp/libc.a(lib_a-ecvtbuf.o) (_mprec_log10)
/usr/lib/gcc/arm-none-eabi/9.2.1/../../../arm-none-eabi/lib/thumb/v7-m/nofp/libc.a(lib_a-reallocr.o)
                              /usr/lib/gcc/arm-none-eabi/9.2.1/../../../arm-none-eabi/lib/thumb/v7-m/nofp/libc.a(lib_a-ecvtbuf.o) (_realloc_r)
/usr/lib/gcc/arm-none-eabi/9.2.1/../../../arm-none-eabi/lib/thumb/v7-m/nofp/libc.a(lib_a-strcpy.o)
                              /usr/lib/gcc/arm-none-eabi/9.2.1/../../../arm-none-eabi/lib/thumb/v7-m/nofp/libc.a(lib_a-ecvtbuf.o) (strcpy)
[...]
Memory Configuration

Name             Origin             Length             Attributes
RAM              0x0000000020000000 0x0000000000005000 xrw
FLASH            0x0000000008000000 0x0000000000010000 xr
*default*        0x0000000000000000 0xffffffffffffffff

Linker script and memory map

LOAD /usr/lib/gcc/arm-none-eabi/9.2.1/thumb/v7-m/nofp/crti.o
LOAD /usr/lib/gcc/arm-none-eabi/9.2.1/thumb/v7-m/nofp/crtbegin.o
LOAD /usr/lib/gcc/arm-none-eabi/9.2.1/../../../arm-none-eabi/lib/thumb/v7-m/nofp/crt0.o
LOAD Core/Src/bluetooth_lib.o
LOAD Core/Src/freertos.o
LOAD Core/Src/main.o
LOAD Core/Src/stm32f1xx_hal_msp.o
LOAD Core/Src/stm32f1xx_hal_timebase_tim.o
LOAD Core/Src/stm32f1xx_it.o
LOAD Core/Src/syscalls.o
LOAD Core/Src/sysmem.o
LOAD Core/Src/system_stm32f1xx.o
LOAD Core/Src/temp_lib.o
LOAD Core/Src/utils_lib.o
LOAD Drivers/STM32F1xx_HAL_Driver/Src/stm32f1xx_hal.o
LOAD Drivers/STM32F1xx_HAL_Driver/Src/stm32f1xx_hal_adc.o
LOAD Drivers/STM32F1xx_HAL_Driver/Src/stm32f1xx_hal_adc_ex.o
LOAD Drivers/STM32F1xx_HAL_Driver/Src/stm32f1xx_hal_cortex.o
LOAD Drivers/STM32F1xx_HAL_Driver/Src/stm32f1xx_hal_dma.o
LOAD Drivers/STM32F1xx_HAL_Driver/Src/stm32f1xx_hal_exti.o
LOAD Drivers/STM32F1xx_HAL_Driver/Src/stm32f1xx_hal_flash.o
LOAD Drivers/STM32F1xx_HAL_Driver/Src/stm32f1xx_hal_flash_ex.o
LOAD Drivers/STM32F1xx_HAL_Driver/Src/stm32f1xx_hal_gpio.o
LOAD Drivers/STM32F1xx_HAL_Driver/Src/stm32f1xx_hal_gpio_ex.o
LOAD Drivers/STM32F1xx_HAL_Driver/Src/stm32f1xx_hal_i2c.o
LOAD Drivers/STM32F1xx_HAL_Driver/Src/stm32f1xx_hal_pwr.o
LOAD Drivers/STM32F1xx_HAL_Driver/Src/stm32f1xx_hal_rcc.o
LOAD Drivers/STM32F1xx_HAL_Driver/Src/stm32f1xx_hal_rcc_ex.o
LOAD Drivers/STM32F1xx_HAL_Driver/Src/stm32f1xx_hal_tim.o
LOAD Drivers/STM32F1xx_HAL_Driver/Src/stm32f1xx_hal_tim_ex.o
LOAD Drivers/STM32F1xx_HAL_Driver/Src/stm32f1xx_hal_uart.o
LOAD Core/Startup/startup_stm32f103c8tx.o
START GROUP
LOAD /usr/lib/gcc/arm-none-eabi/9.2.1/thumb/v7-m/nofp/libgcc.a
LOAD /usr/lib/gcc/arm-none-eabi/9.2.1/../../../arm-none-eabi/lib/thumb/v7-m/nofp/libc.a
END GROUP
LOAD /usr/lib/gcc/arm-none-eabi/9.2.1/thumb/v7-m/nofp/crtend.o
LOAD /usr/lib/gcc/arm-none-eabi/9.2.1/thumb/v7-m/nofp/crtn.o
                0x0000000020005000                _estack = (ORIGIN (RAM) + LENGTH (RAM))
                0x0000000000000200                _Min_Heap_Size = 0x200
                0x0000000000000400                _Min_Stack_Size = 0x400

.isr_vector     0x0000000008000000      0x10c
                0x0000000008000000                . = ALIGN (0x4)
 *(.isr_vector)
 .isr_vector    0x0000000008000000      0x10c Core/Startup/startup_stm32f103c8tx.o
                0x0000000008000000                g_pfnVectors
                0x000000000800010c                . = ALIGN (0x4)

.text           0x0000000008000110    0x11a68
                0x0000000008000110                . = ALIGN (0x4)
 *(.text)
 .text          0x0000000008000110       0x88 /usr/lib/gcc/arm-none-eabi/9.2.1/thumb/v7-m/nofp/crtbegin.o
 .text          0x0000000008000198      0x1f4 Core/Src/bluetooth_lib.o
                0x00000000080001fc                UARTWriteString
                0x0000000008000298                URATCommandParser
 .text          0x000000000800038c      0x1dc Core/Src/main.o
                0x000000000800038c                onboardLedCtrlTask
                0x00000000080003c8                redLedCtrlTask
                0x0000000008000400                getTemperatureTask
                0x00000000080004a8                myButtonCtrlTask
                0x00000000080004e8                SystemClock_Config
                0x0000000008000550                HAL_TIM_PeriodElapsedCallback
                0x0000000008000564                Error_Handler
 .text          0x0000000008000568      0x248 Core/Src/stm32f1xx_hal_msp.o
                0x0000000008000568                HAL_MspInit
                0x00000000080005bc                HAL_ADC_MspInit
                0x000000000800062c                HAL_ADC_MspDeInit
                0x0000000008000660                HAL_I2C_MspInit
                0x00000000080006c4                HAL_I2C_MspDeInit
                0x00000000080006fc                HAL_UART_MspInit
                0x000000000800077c                HAL_UART_MspDeInit
 .text          0x00000000080007b0       0xa4 Core/Src/stm32f1xx_hal_timebase_tim.o
                0x00000000080007b0                HAL_InitTick
                0x000000000800082c                HAL_SuspendTick
                0x0000000008000840                HAL_ResumeTick
 .text          0x0000000008000854       0x7c Core/Src/stm32f1xx_it.o
                0x0000000008000854                NMI_Handler
                0x0000000008000858                HardFault_Handler
                0x000000000800085c                MemManage_Handler
                0x0000000008000860                BusFault_Handler
                0x0000000008000864                UsageFault_Handler
                0x0000000008000868                DebugMon_Handler
                0x000000000800086c                RCC_IRQHandler
                0x0000000008000870                ADC1_2_IRQHandler
                0x000000000800087c                TIM3_IRQHandler
                0x0000000008000888                USART2_IRQHandler
 .text          0x00000000080008d0      0x100 Core/Src/syscalls.o
                0x00000000080008d0                initialise_monitor_handles
                0x00000000080008d4                _getpid
                0x00000000080008d8                _kill
                0x00000000080008ec                _exit
                0x00000000080008f8                _read
                0x0000000008000914                _write
                0x0000000008000930                _close
                0x0000000008000938                _fstat
                0x0000000008000944                _isatty
                0x0000000008000948                _lseek
                0x000000000800094c                _open
                0x0000000008000958                _wait
                0x000000000800096c                _unlink
                0x0000000008000980                _times
                0x0000000008000988                _stat
                0x0000000008000994                _link
                0x00000000080009a8                _fork
                0x00000000080009bc                _execve
 .text          0x00000000080009d0       0x48 Core/Src/sysmem.o
                0x00000000080009d0                _sbrk
 .text          0x0000000008000a18       0x60 Core/Src/system_stm32f1xx.o
                0x0000000008000a18                SystemInit
                0x0000000008000a1c                SystemCoreClockUpdate
 .text          0x0000000008000a78       0x2c Core/Src/temp_lib.o
                0x0000000008000a78                HAL_ADC_ConvCpltCallback
 .text          0x0000000008000aa4      0x1dc Drivers/STM32F1xx_HAL_Driver/Src/stm32f1xx_hal.o
                0x0000000008000aa8                HAL_MspDeInit
                0x0000000008000aac                HAL_DeInit
                0x0000000008000b10                HAL_Init
                0x0000000008000b34                HAL_IncTick
                0x0000000008000b4c                HAL_GetTick
                0x0000000008000b58                HAL_GetTickPrio
                0x0000000008000b64                HAL_SetTickFreq
                0x0000000008000b88                HAL_GetTickFreq
                0x0000000008000b94                HAL_Delay
                0x0000000008000bd8                HAL_GetHalVersion
                0x0000000008000be0                HAL_GetREVID
                0x0000000008000bec                HAL_GetDEVID
                0x0000000008000bfc                HAL_GetUIDw0
                0x0000000008000c08                HAL_GetUIDw1
                0x0000000008000c14                HAL_GetUIDw2
                0x0000000008000c20                HAL_DBGMCU_EnableDBGSleepMode
                0x0000000008000c30                HAL_DBGMCU_DisableDBGSleepMode
                0x0000000008000c40                HAL_DBGMCU_EnableDBGStopMode
                0x0000000008000c50                HAL_DBGMCU_DisableDBGStopMode
                0x0000000008000c60                HAL_DBGMCU_EnableDBGStandbyMode
                0x0000000008000c70                HAL_DBGMCU_DisableDBGStandbyMode
 .text          0x0000000008000c80      0xae8 Drivers/STM32F1xx_HAL_Driver/Src/stm32f1xx_hal_adc.o
                0x0000000008000c88                HAL_ADC_PollForConversion
                0x0000000008000dd4                HAL_ADC_PollForEvent
                0x0000000008000e24                HAL_ADC_GetValue
                0x0000000008000e30                ADC_DMAConvCplt
                0x0000000008000e80                HAL_ADC_ConvHalfCpltCallback
                0x0000000008000e84                ADC_DMAHalfConvCplt
                0x0000000008000e90                HAL_ADC_LevelOutOfWindowCallback
                0x0000000008000e94                HAL_ADC_IRQHandler
                0x0000000008000f8c                HAL_ADC_ErrorCallback
                0x0000000008000f90                ADC_DMAError
                0x0000000008000fac                HAL_ADC_ConfigChannel
                0x00000000080010c4                HAL_ADC_AnalogWDGConfig
                0x0000000008001118                HAL_ADC_GetState
                0x000000000800111c                HAL_ADC_GetError
                0x0000000008001120                ADC_Enable
                0x000000000800119c                HAL_ADC_Start
                0x0000000008001268                HAL_ADC_Start_IT
                0x000000000800133c                HAL_ADC_Start_DMA
                0x0000000008001458                ADC_ConversionStop_Disable
                0x000000000800149c                HAL_ADC_Init
                0x00000000080015d8                HAL_ADC_DeInit
                0x0000000008001698                HAL_ADC_Stop
                0x00000000080016cc                HAL_ADC_Stop_IT
                0x000000000800170c                HAL_ADC_Stop_DMA
 .text          0x0000000008001768      0x888 Drivers/STM32F1xx_HAL_Driver/Src/stm32f1xx_hal_adc_ex.o
                0x0000000008001768                HAL_ADCEx_Calibration_Start
                0x0000000008001848                HAL_ADCEx_InjectedStart
                0x00000000080018f8                HAL_ADCEx_InjectedStop
                0x0000000008001948                HAL_ADCEx_InjectedPollForConversion
                0x0000000008001a90                HAL_ADCEx_InjectedStart_IT
                0x0000000008001b48                HAL_ADCEx_InjectedStop_IT
                0x0000000008001ba4                HAL_ADCEx_MultiModeStart_DMA
                0x0000000008001c9c                HAL_ADCEx_MultiModeStop_DMA
                0x0000000008001d1c                HAL_ADCEx_InjectedGetValue
                0x0000000008001d40                HAL_ADCEx_MultiModeGetValue
                0x0000000008001d60                HAL_ADCEx_InjectedConvCpltCallback
                0x0000000008001d64                HAL_ADCEx_InjectedConfigChannel
                0x0000000008001f84                HAL_ADCEx_MultiModeConfigChannel
 .text          0x0000000008001ff0      0x23c Drivers/STM32F1xx_HAL_Driver/Src/stm32f1xx_hal_cortex.o
                0x0000000008001ff0                HAL_NVIC_SetPriorityGrouping
                0x0000000008002014                HAL_NVIC_SetPriority
                0x0000000008002084                HAL_NVIC_EnableIRQ
                0x00000000080020a0                HAL_NVIC_DisableIRQ
                0x00000000080020c4                HAL_NVIC_SystemReset
                0x00000000080020e8                HAL_SYSTICK_Config
                0x0000000008002118                HAL_NVIC_GetPriorityGrouping
                0x0000000008002128                HAL_NVIC_GetPriority
                0x0000000008002188                HAL_NVIC_SetPendingIRQ
                0x00000000080021a4                HAL_NVIC_GetPendingIRQ
                0x00000000080021c8                HAL_NVIC_ClearPendingIRQ
                0x00000000080021e4                HAL_NVIC_GetActive
                0x0000000008002208                HAL_SYSTICK_CLKSourceConfig
                0x0000000008002220                HAL_SYSTICK_Callback
                0x0000000008002224                HAL_SYSTICK_IRQHandler
 .text          0x000000000800222c      0x6b4 Drivers/STM32F1xx_HAL_Driver/Src/stm32f1xx_hal_dma.o
                0x000000000800222c                HAL_DMA_Init
                0x0000000008002290                HAL_DMA_DeInit
                0x00000000080022e8                HAL_DMA_Start
                0x0000000008002350                HAL_DMA_Start_IT
                0x00000000080023d4                HAL_DMA_Abort
                0x0000000008002418                HAL_DMA_Abort_IT
                0x00000000080024ac                HAL_DMA_PollForTransfer
                0x000000000800270c                HAL_DMA_IRQHandler
                0x0000000008002834                HAL_DMA_RegisterCallback
                0x0000000008002878                HAL_DMA_UnRegisterCallback
                0x00000000080028d4                HAL_DMA_GetState
                0x00000000080028dc                HAL_DMA_GetError
 .text          0x00000000080028e0      0x390 Drivers/STM32F1xx_HAL_Driver/Src/stm32f1xx_hal_gpio.o
                0x00000000080028e0                HAL_GPIO_Init
                0x0000000008002b00                HAL_GPIO_DeInit
                0x0000000008002c00                HAL_GPIO_ReadPin
                0x0000000008002c0c                HAL_GPIO_WritePin
                0x0000000008002c14                HAL_GPIO_TogglePin
                0x0000000008002c28                HAL_GPIO_LockPin
                0x0000000008002c54                HAL_GPIO_EXTI_Callback
                0x0000000008002c58                HAL_GPIO_EXTI_IRQHandler
 .text          0x0000000008002c70     0x3a74 Drivers/STM32F1xx_HAL_Driver/Src/stm32f1xx_hal_i2c.o
                0x00000000080030ac                HAL_I2C_Init
                0x0000000008003238                HAL_I2C_DeInit
                0x000000000800326c                HAL_I2C_Master_Transmit
                0x0000000008003454                HAL_I2C_Master_Receive
                0x0000000008003818                HAL_I2C_Slave_Transmit
                0x0000000008003984                HAL_I2C_Slave_Receive
                0x0000000008003b34                HAL_I2C_Master_Transmit_IT
                0x0000000008003c00                HAL_I2C_Master_Receive_IT
                0x0000000008003cd4                HAL_I2C_Slave_Transmit_IT
                0x0000000008003d44                HAL_I2C_Slave_Receive_IT
                0x0000000008003db4                HAL_I2C_Master_Transmit_DMA
                0x0000000008003efc                HAL_I2C_Master_Receive_DMA
                0x000000000800403c                HAL_I2C_Slave_Transmit_DMA
                0x0000000008004104                HAL_I2C_Slave_Receive_DMA
                0x00000000080041cc                HAL_I2C_Mem_Write
                0x0000000008004310                HAL_I2C_Mem_Read
                0x0000000008004600                HAL_I2C_Mem_Write_IT
                0x00000000080046e8                HAL_I2C_Mem_Read_IT
                0x00000000080047d4                HAL_I2C_Mem_Write_DMA
                0x0000000008004964                HAL_I2C_Mem_Read_DMA
                0x0000000008004b34                HAL_I2C_IsDeviceReady
                0x0000000008004cb0                HAL_I2C_Master_Seq_Transmit_IT
                0x0000000008004da4                HAL_I2C_Master_Seq_Transmit_DMA
                0x0000000008004f40                HAL_I2C_Master_Seq_Receive_IT
                0x000000000800507c                HAL_I2C_Master_Seq_Receive_DMA
                0x000000000800528c                HAL_I2C_Slave_Seq_Transmit_IT
                0x0000000008005310                HAL_I2C_Slave_Seq_Transmit_DMA
                0x0000000008005470                HAL_I2C_Slave_Seq_Receive_IT
                0x00000000080054f4                HAL_I2C_Slave_Seq_Receive_DMA
                0x0000000008005654                HAL_I2C_EnableListen_IT
                0x000000000800568c                HAL_I2C_DisableListen_IT
                0x00000000080056d0                HAL_I2C_MasterTxCpltCallback
                0x00000000080056d4                HAL_I2C_MasterRxCpltCallback
                0x00000000080056d8                HAL_I2C_SlaveTxCpltCallback
                0x00000000080056dc                HAL_I2C_SlaveRxCpltCallback
                0x00000000080056e0                HAL_I2C_AddrCallback
                0x00000000080056e4                HAL_I2C_ListenCpltCallback
                0x00000000080056e8                HAL_I2C_MemTxCpltCallback
                0x00000000080057a0                HAL_I2C_MemRxCpltCallback
                0x00000000080057a4                HAL_I2C_ErrorCallback
                0x00000000080058f4                HAL_I2C_AbortCpltCallback
                0x0000000008005b58                HAL_I2C_Master_Abort_IT
                0x0000000008005bac                HAL_I2C_EV_IRQHandler
                0x0000000008006548                HAL_I2C_ER_IRQHandler
                0x00000000080066d0                HAL_I2C_GetState
                0x00000000080066d8                HAL_I2C_GetMode
                0x00000000080066e0                HAL_I2C_GetError
 .text          0x00000000080066e4      0x828 Drivers/STM32F1xx_HAL_Driver/Src/stm32f1xx_hal_rcc.o
                0x00000000080066e4                HAL_RCC_DeInit
                0x00000000080067c8                HAL_RCC_OscConfig
                0x0000000008006bc8                HAL_RCC_MCOConfig
                0x0000000008006c14                HAL_RCC_EnableCSS
                0x0000000008006c20                HAL_RCC_DisableCSS
                0x0000000008006c2c                HAL_RCC_GetSysClockFreq
                0x0000000008006c98                HAL_RCC_ClockConfig
                0x0000000008006dd8                HAL_RCC_GetHCLKFreq
                0x0000000008006de4                HAL_RCC_GetPCLK1Freq
                0x0000000008006e04                HAL_RCC_GetPCLK2Freq
                0x0000000008006e24                HAL_RCC_GetOscConfig
                0x0000000008006ea8                HAL_RCC_GetClockConfig
                0x0000000008006ee8                HAL_RCC_CSSCallback
                0x0000000008006eec                HAL_RCC_NMI_IRQHandler
 .text          0x0000000008006f0c      0x214 Drivers/STM32F1xx_HAL_Driver/Src/stm32f1xx_hal_rcc_ex.o
                0x0000000008006f0c                HAL_RCCEx_PeriphCLKConfig
                0x000000000800700c                HAL_RCCEx_GetPeriphCLKConfig
                0x0000000008007030                HAL_RCCEx_GetPeriphCLKFreq
 .text          0x0000000008007120     0x2c0c Drivers/STM32F1xx_HAL_Driver/Src/stm32f1xx_hal_tim.o
                0x00000000080072d8                HAL_TIM_Base_MspInit
                0x00000000080072dc                HAL_TIM_Base_MspDeInit
                0x00000000080072e0                HAL_TIM_Base_DeInit
                0x0000000008007340                HAL_TIM_Base_Start
                0x0000000008007390                HAL_TIM_Base_Stop
                0x00000000080073bc                HAL_TIM_Base_Start_IT
                0x0000000008007414                HAL_TIM_Base_Stop_IT
                0x0000000008007448                HAL_TIM_Base_Start_DMA
                0x00000000080074d8                HAL_TIM_Base_Stop_DMA
                0x0000000008007514                HAL_TIM_OC_MspInit
                0x0000000008007518                HAL_TIM_OC_MspDeInit
                0x000000000800751c                HAL_TIM_OC_DeInit
                0x000000000800757c                HAL_TIM_OC_Start
                0x0000000008007628                HAL_TIM_OC_Stop
                0x00000000080076b4                HAL_TIM_OC_Start_IT
                0x00000000080077c8                HAL_TIM_OC_Stop_IT
                0x0000000008007898                HAL_TIM_OC_Start_DMA
                0x0000000008007aa0                HAL_TIM_OC_Stop_DMA
                0x0000000008007b88                HAL_TIM_PWM_MspInit
                0x0000000008007b8c                HAL_TIM_PWM_MspDeInit
                0x0000000008007b90                HAL_TIM_PWM_DeInit
                0x0000000008007bf0                HAL_TIM_PWM_Start
                0x0000000008007bf4                HAL_TIM_PWM_Stop
                0x0000000008007bf8                HAL_TIM_PWM_Start_IT
                0x0000000008007bfc                HAL_TIM_PWM_Stop_IT
                0x0000000008007c00                HAL_TIM_PWM_Start_DMA
                0x0000000008007c04                HAL_TIM_PWM_Stop_DMA
                0x0000000008007c08                HAL_TIM_IC_MspInit
                0x0000000008007c0c                HAL_TIM_IC_MspDeInit
                0x0000000008007c10                HAL_TIM_IC_DeInit
                0x0000000008007c70                HAL_TIM_IC_Start
                0x0000000008007d48                HAL_TIM_IC_Stop
                0x0000000008007dbc                HAL_TIM_IC_Start_IT
                0x0000000008007f04                HAL_TIM_IC_Stop_IT
                0x0000000008008030                HAL_TIM_IC_Start_DMA
                0x00000000080081f8                HAL_TIM_IC_Stop_DMA
                0x0000000008008304                HAL_TIM_OnePulse_MspInit
                0x0000000008008308                HAL_TIM_OnePulse_MspDeInit
                0x000000000800830c                HAL_TIM_OnePulse_DeInit
                0x000000000800835c                HAL_TIM_OnePulse_Start
                0x00000000080083e0                HAL_TIM_OnePulse_Stop
                0x0000000008008458                HAL_TIM_OnePulse_Start_IT
                0x00000000080084ec                HAL_TIM_OnePulse_Stop_IT
                0x0000000008008574                HAL_TIM_Encoder_MspInit
                0x0000000008008578                HAL_TIM_Encoder_MspDeInit
                0x000000000800857c                HAL_TIM_Encoder_DeInit
                0x00000000080085cc                HAL_TIM_Encoder_Start
                0x0000000008008684                HAL_TIM_Encoder_Stop
                0x0000000008008720                HAL_TIM_Encoder_Start_IT
                0x0000000008008804                HAL_TIM_Encoder_Stop_IT
                0x00000000080088d8                HAL_TIM_Encoder_Start_DMA
                0x0000000008008ac0                HAL_TIM_Encoder_Stop_DMA
                0x0000000008008bb8                HAL_TIM_DMABurst_MultiWriteStart
                0x0000000008008c98                HAL_TIM_DMABurst_WriteStart
                0x0000000008008cb0                HAL_TIM_DMABurst_WriteStop
                0x0000000008008d2c                HAL_TIM_DMABurst_MultiReadStart
                0x0000000008008e0c                HAL_TIM_DMABurst_ReadStart
                0x0000000008008e24                HAL_TIM_DMABurst_ReadStop
                0x0000000008008e28                HAL_TIM_GenerateEvent
                0x0000000008008e54                HAL_TIM_ConfigOCrefClear
                0x0000000008008f38                HAL_TIM_ConfigClockSource
                0x0000000008009080                HAL_TIM_ConfigTI1Input
                0x0000000008009090                HAL_TIM_SlaveConfigSynchro
                0x00000000080090dc                HAL_TIM_SlaveConfigSynchro_IT
                0x0000000008009128                HAL_TIM_ReadCapturedValue
                0x0000000008009178                HAL_TIM_PeriodElapsedHalfCpltCallback
                0x0000000008009188                HAL_TIM_OC_DelayElapsedCallback
                0x000000000800918c                HAL_TIM_IC_CaptureCallback
                0x0000000008009190                TIM_DMACaptureCplt
                0x0000000008009224                HAL_TIM_IC_CaptureHalfCpltCallback
                0x0000000008009228                TIM_DMACaptureHalfCplt
                0x0000000008009288                HAL_TIM_PWM_PulseFinishedCallback
                0x0000000008009310                HAL_TIM_PWM_PulseFinishedHalfCpltCallback
                0x0000000008009314                TIM_DMADelayPulseHalfCplt
                0x0000000008009374                HAL_TIM_TriggerCallback
                0x0000000008009378                HAL_TIM_IRQHandler
                0x00000000080094e4                HAL_TIM_TriggerHalfCpltCallback
                0x00000000080094f4                HAL_TIM_ErrorCallback
                0x00000000080094f8                TIM_DMAError
                0x000000000800957c                HAL_TIM_Base_GetState
                0x0000000008009584                HAL_TIM_OC_GetState
                0x000000000800958c                HAL_TIM_PWM_GetState
                0x0000000008009594                HAL_TIM_IC_GetState
                0x000000000800959c                HAL_TIM_OnePulse_GetState
                0x00000000080095a4                HAL_TIM_Encoder_GetState
                0x00000000080095ac                HAL_TIM_GetActiveChannel
                0x00000000080095b0                HAL_TIM_GetChannelState
                0x00000000080095d8                HAL_TIM_DMABurstState
                0x00000000080095e0                TIM_Base_SetConfig
                0x000000000800965c                HAL_TIM_Base_Init
                0x00000000080096b8                HAL_TIM_OC_Init
                0x0000000008009714                HAL_TIM_PWM_Init
                0x0000000008009770                HAL_TIM_IC_Init
                0x00000000080097cc                HAL_TIM_OnePulse_Init
                0x000000000800982c                HAL_TIM_Encoder_Init
                0x00000000080098e8                TIM_OC2_SetConfig
                0x0000000008009944                HAL_TIM_OC_ConfigChannel
                0x00000000080099a8                HAL_TIM_PWM_ConfigChannel
                0x0000000008009a7c                TIM_TI1_SetConfig
                0x0000000008009ad4                HAL_TIM_IC_ConfigChannel
                0x0000000008009bf0                HAL_TIM_OnePulse_ConfigChannel
                0x0000000008009cf4                TIM_ETR_SetConfig
                0x0000000008009d0c                TIM_CCxChannelCmd
 .text          0x0000000008009d2c      0xf00 Drivers/STM32F1xx_HAL_Driver/Src/stm32f1xx_hal_tim_ex.o
                0x0000000008009e14                HAL_TIMEx_HallSensor_MspInit
                0x0000000008009e18                HAL_TIMEx_HallSensor_Init
                0x0000000008009ee4                HAL_TIMEx_HallSensor_MspDeInit
                0x0000000008009ee8                HAL_TIMEx_HallSensor_DeInit
                0x0000000008009f38                HAL_TIMEx_HallSensor_Start
                0x0000000008009fc4                HAL_TIMEx_HallSensor_Stop
                0x000000000800a008                HAL_TIMEx_HallSensor_Start_IT
                0x000000000800a09c                HAL_TIMEx_HallSensor_Stop_IT
                0x000000000800a0e8                HAL_TIMEx_HallSensor_Start_DMA
                0x000000000800a1a4                HAL_TIMEx_HallSensor_Stop_DMA
                0x000000000800a1f0                HAL_TIMEx_OCN_Start
                0x000000000800a29c                HAL_TIMEx_OCN_Stop
                0x000000000800a320                HAL_TIMEx_OCN_Start_IT
                0x000000000800a3f4                HAL_TIMEx_OCN_Stop_IT
                0x000000000800a4b4                HAL_TIMEx_OCN_Start_DMA
                0x000000000800a644                HAL_TIMEx_OCN_Stop_DMA
                0x000000000800a708                HAL_TIMEx_PWMN_Start
                0x000000000800a70c                HAL_TIMEx_PWMN_Stop
                0x000000000800a710                HAL_TIMEx_PWMN_Start_IT
                0x000000000800a714                HAL_TIMEx_PWMN_Stop_IT
                0x000000000800a718                HAL_TIMEx_PWMN_Start_DMA
                0x000000000800a71c                HAL_TIMEx_PWMN_Stop_DMA
                0x000000000800a720                HAL_TIMEx_OnePulseN_Start
                0x000000000800a7d0                HAL_TIMEx_OnePulseN_Stop
                0x000000000800a86c                HAL_TIMEx_OnePulseN_Start_IT
                0x000000000800a92c                HAL_TIMEx_OnePulseN_Stop_IT
                0x000000000800a9dc                HAL_TIMEx_ConfigCommutEvent
                0x000000000800aa3c                HAL_TIMEx_ConfigCommutEvent_IT
                0x000000000800aa9c                HAL_TIMEx_ConfigCommutEvent_DMA
                0x000000000800ab14                HAL_TIMEx_MasterConfigSynchronization
                0x000000000800ab78                HAL_TIMEx_ConfigBreakDeadTime
                0x000000000800abcc                HAL_TIMEx_RemapConfig
                0x000000000800abd0                HAL_TIMEx_CommutCallback
                0x000000000800abd4                TIMEx_DMACommutationCplt
                0x000000000800abe4                HAL_TIMEx_CommutHalfCpltCallback
                0x000000000800abe8                TIMEx_DMACommutationHalfCplt
                0x000000000800abf8                HAL_TIMEx_BreakCallback
                0x000000000800abfc                HAL_TIMEx_HallSensor_GetState
                0x000000000800ac04                HAL_TIMEx_GetChannelNState
 .text          0x000000000800ac2c      0xeb0 Drivers/STM32F1xx_HAL_Driver/Src/stm32f1xx_hal_uart.o
                0x000000000800ad0c                HAL_UART_Init
                0x000000000800ad6c                HAL_HalfDuplex_Init
                0x000000000800add4                HAL_LIN_Init
                0x000000000800ae50                HAL_MultiProcessor_Init
                0x000000000800aed8                HAL_UART_DeInit
                0x000000000800af0c                HAL_UART_Transmit
                0x000000000800afd0                HAL_UART_Receive
                0x000000000800b0a4                HAL_UART_Transmit_IT
                0x000000000800b0e8                HAL_UART_Receive_IT
                0x000000000800b13c                HAL_UART_Transmit_DMA
                0x000000000800b1b0                HAL_UART_Receive_DMA
                0x000000000800b248                HAL_UART_DMAPause
                0x000000000800b2b8                HAL_UART_DMAResume
                0x000000000800b324                HAL_UART_DMAStop
                0x000000000800b3a0                HAL_UART_Abort
                0x000000000800b424                HAL_UART_AbortTransmit
                0x000000000800b470                HAL_UART_AbortReceive
                0x000000000800b4c4                HAL_UART_TxCpltCallback
                0x000000000800b4f4                HAL_UART_TxHalfCpltCallback
                0x000000000800b504                HAL_UART_RxCpltCallback
                0x000000000800b5c4                HAL_UART_RxHalfCpltCallback
                0x000000000800b5d4                HAL_UART_ErrorCallback
                0x000000000800b640                HAL_UART_IRQHandler
                0x000000000800b7c4                HAL_UART_AbortCpltCallback
                0x000000000800b7c8                HAL_UART_Abort_IT
                0x000000000800b8d0                HAL_UART_AbortTransmitCpltCallback
                0x000000000800b8d4                HAL_UART_AbortTransmit_IT
                0x000000000800b944                HAL_UART_AbortReceiveCpltCallback
                0x000000000800b948                HAL_UART_AbortReceive_IT
                0x000000000800b9c0                HAL_LIN_SendBreak
                0x000000000800b9f4                HAL_MultiProcessor_EnterMuteMode
                0x000000000800ba28                HAL_MultiProcessor_ExitMuteMode
                0x000000000800ba5c                HAL_HalfDuplex_EnableTransmitter
                0x000000000800ba94                HAL_HalfDuplex_EnableReceiver
                0x000000000800bacc                HAL_UART_GetState
                0x000000000800bad8                HAL_UART_GetError
 .text          0x000000000800badc      0x378 /usr/lib/gcc/arm-none-eabi/9.2.1/thumb/v7-m/nofp/libgcc.a(_arm_addsubdf3.o)
                0x000000000800badc                __aeabi_drsub
                0x000000000800bae4                __aeabi_dsub
                0x000000000800bae4                __subdf3
                0x000000000800bae8                __adddf3
                0x000000000800bae8                __aeabi_dadd
                0x000000000800bd60                __aeabi_ui2d
                0x000000000800bd60                __floatunsidf
                0x000000000800bd80                __floatsidf
                0x000000000800bd80                __aeabi_i2d
                0x000000000800bda4                __extendsfdf2
                0x000000000800bda4                __aeabi_f2d
                0x000000000800bde8                __aeabi_ul2d
                0x000000000800bde8                __floatundidf
                0x000000000800bdf8                __floatdidf
                0x000000000800bdf8                __aeabi_l2d
 .text          0x000000000800be54      0x424 /usr/lib/gcc/arm-none-eabi/9.2.1/thumb/v7-m/nofp/libgcc.a(_arm_muldivdf3.o)
                0x000000000800be54                __aeabi_dmul
                0x000000000800be54                __muldf3
                0x000000000800c0a8                __aeabi_ddiv
                0x000000000800c0a8                __divdf3
 .text          0x000000000800c278       0xa0 /usr/lib/gcc/arm-none-eabi/9.2.1/thumb/v7-m/nofp/libgcc.a(_arm_truncdfsf2.o)
                0x000000000800c278                __aeabi_d2f
                0x000000000800c278                __truncdfsf2
 .text          0x000000000800c318        0xc /usr/lib/gcc/arm-none-eabi/9.2.1/../../../arm-none-eabi/lib/thumb/v7-m/nofp/libc.a(lib_a-atexit.o)
                0x000000000800c318                atexit
 .text          0x000000000800c324       0x10 /usr/lib/gcc/arm-none-eabi/9.2.1/../../../arm-none-eabi/lib/thumb/v7-m/nofp/libc.a(lib_a-atoi.o)
                0x000000000800c324                atoi
                0x000000000800c32c                _atoi_r
 .text          0x000000000800c334       0xd0 /usr/lib/gcc/arm-none-eabi/9.2.1/../../../arm-none-eabi/lib/thumb/v7-m/nofp/libc.a(lib_a-efgcvt.o)
                0x000000000800c334                fcvt
                0x000000000800c348                fcvtf
                0x000000000800c368                gcvt
                0x000000000800c3b8                gcvtf
                0x000000000800c3d0                ecvt
                0x000000000800c3e4                ecvtf
 .text          0x000000000800c404        0xc /usr/lib/gcc/arm-none-eabi/9.2.1/../../../arm-none-eabi/lib/thumb/v7-m/nofp/libc.a(lib_a-errno.o)
                0x000000000800c404                __errno
 .text          0x000000000800c410       0x34 /usr/lib/gcc/arm-none-eabi/9.2.1/../../../arm-none-eabi/lib/thumb/v7-m/nofp/libc.a(lib_a-fini.o)
                0x000000000800c410                __libc_fini_array
 .text          0x000000000800c444       0x48 /usr/lib/gcc/arm-none-eabi/9.2.1/../../../arm-none-eabi/lib/thumb/v7-m/nofp/libc.a(lib_a-init.o)
                0x000000000800c444                __libc_init_array
 .text          0x000000000800c48c       0xa0 /usr/lib/gcc/arm-none-eabi/9.2.1/../../../arm-none-eabi/lib/thumb/v7-m/nofp/libc.a(lib_a-memset.o)
                0x000000000800c48c                memset
 .text          0x000000000800c52c       0x5c /usr/lib/gcc/arm-none-eabi/9.2.1/../../../arm-none-eabi/lib/thumb/v7-m/nofp/libc.a(lib_a-strlen-stub.o)
                0x000000000800c52c                strlen
 .text          0x000000000800c588       0x10 /usr/lib/gcc/arm-none-eabi/9.2.1/../../../arm-none-eabi/lib/thumb/v7-m/nofp/libc.a(lib_a-strtok.o)
                0x000000000800c588                strtok
 .text          0x000000000800c598       0x70 /usr/lib/gcc/arm-none-eabi/9.2.1/../../../arm-none-eabi/lib/thumb/v7-m/nofp/libc.a(lib_a-strtok_r.o)
                0x000000000800c598                __strtok_r
                0x000000000800c600                strtok_r
 .text          0x000000000800c608      0x164 /usr/lib/gcc/arm-none-eabi/9.2.1/../../../arm-none-eabi/lib/thumb/v7-m/nofp/libc.a(lib_a-strtol.o)
                0x000000000800c740                _strtol_r
                0x000000000800c744                strtol_l
                0x000000000800c758                strtol
 .text          0x000000000800c76c       0x64 /usr/lib/gcc/arm-none-eabi/9.2.1/../../../arm-none-eabi/lib/thumb/v7-m/nofp/libc.a(lib_a-__atexit.o)
                0x000000000800c76c                __register_exitproc
 .text          0x000000000800c7d0      0x590 /usr/lib/gcc/arm-none-eabi/9.2.1/../../../arm-none-eabi/lib/thumb/v7-m/nofp/libc.a(lib_a-ecvtbuf.o)
                0x000000000800c8dc                fcvtbuf
                0x000000000800c97c                ecvtbuf
                0x000000000800ca10                _gcvt
                0x000000000800cbc0                _dcvt
 .text          0x000000000800cd60      0x97c /usr/lib/gcc/arm-none-eabi/9.2.1/../../../arm-none-eabi/lib/thumb/v7-m/nofp/libc.a(lib_a-mprec.o)
                0x000000000800cd60                _Balloc
                0x000000000800cdac                _Bfree
                0x000000000800cdc0                __multadd
                0x000000000800ce68                __s2b
                0x000000000800cf14                __hi0bits
                0x000000000800cf54                __lo0bits
                0x000000000800cfb4                __i2b
                0x000000000800cfe0                __multiply
                0x000000000800d12c                __pow5mult
                0x000000000800d1c4                __lshift
                0x000000000800d290                __mcmp
                0x000000000800d2c8                __mdiff
                0x000000000800d3f0                __ulp
                0x000000000800d430                __b2d
                0x000000000800d4ec                __d2b
                0x000000000800d5b0                __ratio
                0x000000000800d608                _mprec_log10
                0x000000000800d640                __copybits
                0x000000000800d688                __any_on
 .text          0x000000000800d6dc      0x37c /usr/lib/gcc/arm-none-eabi/9.2.1/../../../arm-none-eabi/lib/thumb/v7-m/nofp/libc.a(lib_a-reallocr.o)
                0x000000000800d6dc                _realloc_r
 .text          0x000000000800da58       0xbc /usr/lib/gcc/arm-none-eabi/9.2.1/../../../arm-none-eabi/lib/thumb/v7-m/nofp/libc.a(lib_a-strcpy.o)
                0x000000000800da58                strcpy
 .text          0x000000000800db14       0x48 /usr/lib/gcc/arm-none-eabi/9.2.1/../../../arm-none-eabi/lib/thumb/v7-m/nofp/libc.a(lib_a-assert.o)
                0x000000000800db14                __assert_func
                0x000000000800db50                __assert
 .text          0x000000000800db5c       0x60 /usr/lib/gcc/arm-none-eabi/9.2.1/../../../arm-none-eabi/lib/thumb/v7-m/nofp/libc.a(lib_a-callocr.o)
                0x000000000800db5c                _calloc_r
 *fill*         0x000000000800dbbc        0x4 
 .text          0x000000000800dbc0     0x1008 /usr/lib/gcc/arm-none-eabi/9.2.1/../../../arm-none-eabi/lib/thumb/v7-m/nofp/libc.a(lib_a-dtoa.o)
                0x000000000800dcec                _dtoa_r
 .text          0x000000000800ebc8       0x48 /usr/lib/gcc/arm-none-eabi/9.2.1/../../../arm-none-eabi/lib/thumb/v7-m/nofp/libc.a(lib_a-fiprintf.o)
                0x000000000800ebc8                _fiprintf_r
                0x000000000800ebe8                fiprintf
 .text          0x000000000800ec10      0x294 /usr/lib/gcc/arm-none-eabi/9.2.1/../../../arm-none-eabi/lib/thumb/v7-m/nofp/libc.a(lib_a-freer.o)
                0x000000000800ec10                _malloc_trim_r
                0x000000000800ecb0                _free_r
 .text          0x000000000800eea4      0x548 /usr/lib/gcc/arm-none-eabi/9.2.1/../../../arm-none-eabi/lib/thumb/v7-m/nofp/libc.a(lib_a-mallocr.o)
                0x000000000800eea4                _malloc_r
 .text          0x000000000800f3ec       0xec /usr/lib/gcc/arm-none-eabi/9.2.1/../../../arm-none-eabi/lib/thumb/v7-m/nofp/libc.a(lib_a-memcpy.o)
                0x000000000800f3ec                memcpy
 .text          0x000000000800f4d8       0xcc /usr/lib/gcc/arm-none-eabi/9.2.1/../../../arm-none-eabi/lib/thumb/v7-m/nofp/libc.a(lib_a-memmove.o)
                0x000000000800f4d8                memmove
 .text          0x000000000800f5a4        0x8 /usr/lib/gcc/arm-none-eabi/9.2.1/../../../arm-none-eabi/lib/thumb/v7-m/nofp/libc.a(lib_a-mlock.o)
                0x000000000800f5a4                __malloc_lock
                0x000000000800f5a8                __malloc_unlock
 .text          0x000000000800f5ac       0x24 /usr/lib/gcc/arm-none-eabi/9.2.1/../../../arm-none-eabi/lib/thumb/v7-m/nofp/libc.a(lib_a-sbrkr.o)
                0x000000000800f5ac                _sbrk_r
 .text          0x000000000800f5d0      0xcf4 /usr/lib/gcc/arm-none-eabi/9.2.1/../../../arm-none-eabi/lib/thumb/v7-m/nofp/libc.a(lib_a-vfiprintf.o)
                0x000000000800f648                __sprint_r
                0x000000000800f658                _vfiprintf_r
                0x0000000008010240                vfiprintf
 .text          0x00000000080102c4       0xcc /usr/lib/gcc/arm-none-eabi/9.2.1/../../../arm-none-eabi/lib/thumb/v7-m/nofp/libc.a(lib_a-wsetup.o)
                0x00000000080102c4                __swsetup_r
 .text          0x0000000008010390       0x10 /usr/lib/gcc/arm-none-eabi/9.2.1/../../../arm-none-eabi/lib/thumb/v7-m/nofp/libc.a(lib_a-abort.o)
                0x0000000008010390                abort
 .text          0x00000000080103a0      0x19c /usr/lib/gcc/arm-none-eabi/9.2.1/../../../arm-none-eabi/lib/thumb/v7-m/nofp/libc.a(lib_a-fflush.o)
                0x00000000080103a0                __sflush_r
                0x00000000080104e4                _fflush_r
                0x0000000008010518                fflush
 .text          0x000000000801053c      0x1f4 /usr/lib/gcc/arm-none-eabi/9.2.1/../../../arm-none-eabi/lib/thumb/v7-m/nofp/libc.a(lib_a-findfp.o)
                0x0000000008010540                _cleanup_r
                0x0000000008010624                __sfmoreglue
                0x0000000008010654                __sfp
                0x00000000080106dc                _cleanup
                0x00000000080106f0                __sinit
                0x00000000080106f8                __sfp_lock_acquire
                0x00000000080106fc                __sfp_lock_release
                0x0000000008010700                __sinit_lock_acquire
                0x0000000008010704                __sinit_lock_release
                0x0000000008010708                __fp_lock_all
                0x000000000801071c                __fp_unlock_all
 .text          0x0000000008010730      0x104 /usr/lib/gcc/arm-none-eabi/9.2.1/../../../arm-none-eabi/lib/thumb/v7-m/nofp/libc.a(lib_a-fputwc.o)
                0x0000000008010730                __fputwc
                0x00000000080107d0                _fputwc_r
                0x00000000080107f4                fputwc
 .text          0x0000000008010834      0x300 /usr/lib/gcc/arm-none-eabi/9.2.1/../../../arm-none-eabi/lib/thumb/v7-m/nofp/libc.a(lib_a-fvwrite.o)
                0x0000000008010834                __sfvwrite_r
 .text          0x0000000008010b34       0x98 /usr/lib/gcc/arm-none-eabi/9.2.1/../../../arm-none-eabi/lib/thumb/v7-m/nofp/libc.a(lib_a-fwalk.o)
                0x0000000008010b34                _fwalk
                0x0000000008010b7c                _fwalk_reent
 .text          0x0000000008010bcc       0x5c /usr/lib/gcc/arm-none-eabi/9.2.1/../../../arm-none-eabi/lib/thumb/v7-m/nofp/libc.a(lib_a-locale.o)
                0x0000000008010bcc                _setlocale_r
                0x0000000008010c0c                __locale_mb_cur_max
                0x0000000008010c18                setlocale
 .text          0x0000000008010c28       0xf0 /usr/lib/gcc/arm-none-eabi/9.2.1/../../../arm-none-eabi/lib/thumb/v7-m/nofp/libc.a(lib_a-makebuf.o)
                0x0000000008010c28                __swhatbuf_r
                0x0000000008010c84                __smakebuf_r
 .text          0x0000000008010d18       0x40 /usr/lib/gcc/arm-none-eabi/9.2.1/../../../arm-none-eabi/lib/thumb/v7-m/nofp/libc.a(lib_a-mbtowc_r.o)
                0x0000000008010d18                _mbtowc_r
                0x0000000008010d2c                __ascii_mbtowc
 .text          0x0000000008010d58       0x8c /usr/lib/gcc/arm-none-eabi/9.2.1/../../../arm-none-eabi/lib/thumb/v7-m/nofp/libc.a(lib_a-memchr-stub.o)
                0x0000000008010d58                memchr
 .text          0x0000000008010de4      0x15c /usr/lib/gcc/arm-none-eabi/9.2.1/../../../arm-none-eabi/lib/thumb/v7-m/nofp/libc.a(lib_a-signal.o)
                0x0000000008010e0c                _init_signal_r
                0x0000000008010e18                _signal_r
                0x0000000008010e50                _raise_r
                0x0000000008010ea8                __sigtramp_r
                0x0000000008010efc                raise
                0x0000000008010f0c                signal
                0x0000000008010f1c                _init_signal
                0x0000000008010f30                __sigtramp
 .text          0x0000000008010f40       0x2c /usr/lib/gcc/arm-none-eabi/9.2.1/../../../arm-none-eabi/lib/thumb/v7-m/nofp/libc.a(lib_a-signalr.o)
                0x0000000008010f40                _kill_r
                0x0000000008010f68                _getpid_r
 .text          0x0000000008010f6c       0x90 /usr/lib/gcc/arm-none-eabi/9.2.1/../../../arm-none-eabi/lib/thumb/v7-m/nofp/libc.a(lib_a-stdio.o)
                0x0000000008010f6c                __sread
                0x0000000008010f90                __seofread
                0x0000000008010f94                __swrite
                0x0000000008010fd4                __sseek
                0x0000000008010ff4                __sclose
 .text          0x0000000008010ffc      0x1bc /usr/lib/gcc/arm-none-eabi/9.2.1/../../../arm-none-eabi/lib/thumb/v7-m/nofp/libc.a(lib_a-strcmp.o)
                0x0000000008010ffc                strcmp
 .text          0x00000000080111b8       0xc0 /usr/lib/gcc/arm-none-eabi/9.2.1/../../../arm-none-eabi/lib/thumb/v7-m/nofp/libc.a(lib_a-wbuf.o)
                0x00000000080111b8                __swbuf_r
                0x0000000008011268                __swbuf
 .text          0x0000000008011278       0x7c /usr/lib/gcc/arm-none-eabi/9.2.1/../../../arm-none-eabi/lib/thumb/v7-m/nofp/libc.a(lib_a-wcrtomb.o)
                0x0000000008011278                _wcrtomb_r
                0x00000000080112ac                wcrtomb
 .text          0x00000000080112f4       0x30 /usr/lib/gcc/arm-none-eabi/9.2.1/../../../arm-none-eabi/lib/thumb/v7-m/nofp/libc.a(lib_a-wctomb_r.o)
                0x00000000080112f4                _wctomb_r
                0x0000000008011308                __ascii_wctomb
 .text          0x0000000008011324       0x2c /usr/lib/gcc/arm-none-eabi/9.2.1/../../../arm-none-eabi/lib/thumb/v7-m/nofp/libc.a(lib_a-writer.o)
                0x0000000008011324                _write_r
 .text          0x0000000008011350       0x24 /usr/lib/gcc/arm-none-eabi/9.2.1/../../../arm-none-eabi/lib/thumb/v7-m/nofp/libc.a(lib_a-closer.o)
                0x0000000008011350                _close_r
 .text          0x0000000008011374       0x98 /usr/lib/gcc/arm-none-eabi/9.2.1/../../../arm-none-eabi/lib/thumb/v7-m/nofp/libc.a(lib_a-fclose.o)
                0x0000000008011374                _fclose_r
                0x00000000080113fc                fclose
 .text          0x000000000801140c       0x28 /usr/lib/gcc/arm-none-eabi/9.2.1/../../../arm-none-eabi/lib/thumb/v7-m/nofp/libc.a(lib_a-fstatr.o)
                0x000000000801140c                _fstat_r
 .text          0x0000000008011434       0x24 /usr/lib/gcc/arm-none-eabi/9.2.1/../../../arm-none-eabi/lib/thumb/v7-m/nofp/libc.a(lib_a-isattyr.o)
                0x0000000008011434                _isatty_r
 .text          0x0000000008011458       0x2c /usr/lib/gcc/arm-none-eabi/9.2.1/../../../arm-none-eabi/lib/thumb/v7-m/nofp/libc.a(lib_a-lseekr.o)
                0x0000000008011458                _lseek_r
 .text          0x0000000008011484       0x2c /usr/lib/gcc/arm-none-eabi/9.2.1/../../../arm-none-eabi/lib/thumb/v7-m/nofp/libc.a(lib_a-readr.o)
                0x0000000008011484                _read_r
 .text          0x00000000080114b0      0x110 /usr/lib/gcc/arm-none-eabi/9.2.1/thumb/v7-m/nofp/libgcc.a(_arm_cmpdf2.o)
                0x00000000080114b0                __gtdf2
                0x00000000080114b0                __gedf2
                0x00000000080114b8                __ltdf2
                0x00000000080114b8                __ledf2
                0x00000000080114c0                __cmpdf2
                0x00000000080114c0                __eqdf2
                0x00000000080114c0                __nedf2
                0x000000000801153c                __aeabi_cdrcmple
                0x000000000801154c                __aeabi_cdcmple
                0x000000000801154c                __aeabi_cdcmpeq
                0x000000000801155c                __aeabi_dcmpeq
                0x0000000008011570                __aeabi_dcmplt
                0x0000000008011584                __aeabi_dcmple
                0x0000000008011598                __aeabi_dcmpge
                0x00000000080115ac                __aeabi_dcmpgt
 .text          0x00000000080115c0       0x50 /usr/lib/gcc/arm-none-eabi/9.2.1/thumb/v7-m/nofp/libgcc.a(_arm_fixdfsi.o)
                0x00000000080115c0                __fixdfsi
                0x00000000080115c0                __aeabi_d2iz
 .text          0x0000000008011610       0x30 /usr/lib/gcc/arm-none-eabi/9.2.1/thumb/v7-m/nofp/libgcc.a(_aeabi_uldivmod.o)
                0x0000000008011610                __aeabi_uldivmod
 .text          0x0000000008011640      0x2c4 /usr/lib/gcc/arm-none-eabi/9.2.1/thumb/v7-m/nofp/libgcc.a(_udivmoddi4.o)
                0x0000000008011640                __udivmoddi4
 .text          0x0000000008011904        0x4 /usr/lib/gcc/arm-none-eabi/9.2.1/thumb/v7-m/nofp/libgcc.a(_dvmd_tls.o)
                0x0000000008011904                __aeabi_ldiv0
                0x0000000008011904                __aeabi_idiv0
 *(.text*)
 .text.startup  0x0000000008011908      0x1f8 Core/Src/main.o
                0x0000000008011908                main
 .text.Reset_Handler
                0x0000000008011b00       0x48 Core/Startup/startup_stm32f103c8tx.o
                0x0000000008011b00                Reset_Handler
 .text.Default_Handler
                0x0000000008011b48        0x2 Core/Startup/startup_stm32f103c8tx.o
                0x0000000008011b48                RTC_Alarm_IRQHandler
                0x0000000008011b48                EXTI2_IRQHandler
                0x0000000008011b48                TIM1_CC_IRQHandler
                0x0000000008011b48                SysTick_Handler
                0x0000000008011b48                PVD_IRQHandler
                0x0000000008011b48                PendSV_Handler
                0x0000000008011b48                EXTI3_IRQHandler
                0x0000000008011b48                EXTI0_IRQHandler
                0x0000000008011b48                I2C2_EV_IRQHandler
                0x0000000008011b48                SPI1_IRQHandler
                0x0000000008011b48                TAMPER_IRQHandler
                0x0000000008011b48                DMA1_Channel4_IRQHandler
                0x0000000008011b48                USART3_IRQHandler
                0x0000000008011b48                RTC_IRQHandler
                0x0000000008011b48                DMA1_Channel7_IRQHandler
                0x0000000008011b48                CAN1_RX1_IRQHandler
                0x0000000008011b48                TIM4_IRQHandler
                0x0000000008011b48                I2C1_EV_IRQHandler
                0x0000000008011b48                DMA1_Channel6_IRQHandler
                0x0000000008011b48                TIM1_TRG_COM_IRQHandler
                0x0000000008011b48                DMA1_Channel1_IRQHandler
                0x0000000008011b48                Default_Handler
                0x0000000008011b48                EXTI15_10_IRQHandler
                0x0000000008011b48                EXTI9_5_IRQHandler
                0x0000000008011b48                SPI2_IRQHandler
                0x0000000008011b48                SVC_Handler
                0x0000000008011b48                DMA1_Channel5_IRQHandler
                0x0000000008011b48                EXTI4_IRQHandler
                0x0000000008011b48                USB_LP_CAN1_RX0_IRQHandler
                0x0000000008011b48                USB_HP_CAN1_TX_IRQHandler
                0x0000000008011b48                DMA1_Channel3_IRQHandler
                0x0000000008011b48                TIM1_UP_IRQHandler
                0x0000000008011b48                WWDG_IRQHandler
                0x0000000008011b48                TIM2_IRQHandler
                0x0000000008011b48                TIM1_BRK_IRQHandler
                0x0000000008011b48                EXTI1_IRQHandler
                0x0000000008011b48                I2C2_ER_IRQHandler
                0x0000000008011b48                DMA1_Channel2_IRQHandler
                0x0000000008011b48                CAN1_SCE_IRQHandler
                0x0000000008011b48                FLASH_IRQHandler
                0x0000000008011b48                USART1_IRQHandler
                0x0000000008011b48                I2C1_ER_IRQHandler
                0x0000000008011b48                USBWakeUp_IRQHandler
 *fill*         0x0000000008011b4a        0x2 
 .text.startup  0x0000000008011b4c       0x14 /usr/lib/gcc/arm-none-eabi/9.2.1/../../../arm-none-eabi/lib/thumb/v7-m/nofp/libc.a(lib_a-__call_atexit.o)
 *(.glue_7)
 .glue_7        0x0000000008011b60        0x0 linker stubs
 *(.glue_7t)
 .glue_7t       0x0000000008011b60        0x0 linker stubs
 *(.eh_frame)
 .eh_frame      0x0000000008011b60        0x0 /usr/lib/gcc/arm-none-eabi/9.2.1/thumb/v7-m/nofp/crtbegin.o
 *(.init)
 .init          0x0000000008011b60        0x4 /usr/lib/gcc/arm-none-eabi/9.2.1/thumb/v7-m/nofp/crti.o
                0x0000000008011b60                _init
 .init          0x0000000008011b64        0x8 /usr/lib/gcc/arm-none-eabi/9.2.1/thumb/v7-m/nofp/crtn.o
 *(.fini)
 .fini          0x0000000008011b6c        0x4 /usr/lib/gcc/arm-none-eabi/9.2.1/thumb/v7-m/nofp/crti.o
                0x0000000008011b6c                _fini
 .fini          0x0000000008011b70        0x8 /usr/lib/gcc/arm-none-eabi/9.2.1/thumb/v7-m/nofp/crtn.o
                0x0000000008011b78                . = ALIGN (0x4)
                0x0000000008011b78                _etext = .

.vfp11_veneer   0x0000000008011b78        0x0
 .vfp11_veneer  0x0000000008011b78        0x0 linker stubs

.v4_bx          0x0000000008011b78        0x0
 .v4_bx         0x0000000008011b78        0x0 linker stubs

.iplt           0x0000000008011b78        0x0
 .iplt          0x0000000008011b78        0x0 /usr/lib/gcc/arm-none-eabi/9.2.1/thumb/v7-m/nofp/crtbegin.o

.rodata         0x0000000008011b78      0x4c0
                0x0000000008011b78                . = ALIGN (0x4)
 *(.rodata)
 .rodata        0x0000000008011b78       0x14 Core/Src/bluetooth_lib.o
 .rodata        0x0000000008011b8c       0x90 Core/Src/main.o
                0x0000000008011b8c                onboardLedCtrl_attributes
                0x0000000008011bb0                getTemperature_attributes
                0x0000000008011bd4                redLedCtrl_attributes
                0x0000000008011bf8                myButtonCtrl_attributes
 .rodata        0x0000000008011c1c       0x18 Core/Src/system_stm32f1xx.o
                0x0000000008011c1c                AHBPrescTable
                0x0000000008011c2c                APBPrescTable
 .rodata        0x0000000008011c34        0x4 /usr/lib/gcc/arm-none-eabi/9.2.1/../../../arm-none-eabi/lib/thumb/v7-m/nofp/libc.a(lib_a-impure.o)
                0x0000000008011c34                _global_impure_ptr
 .rodata        0x0000000008011c38      0x101 /usr/lib/gcc/arm-none-eabi/9.2.1/../../../arm-none-eabi/lib/thumb/v7-m/nofp/libc.a(lib_a-ctype_.o)
                0x0000000008011c38                _ctype_
 *fill*         0x0000000008011d39        0x7 
 .rodata        0x0000000008011d40      0x128 /usr/lib/gcc/arm-none-eabi/9.2.1/../../../arm-none-eabi/lib/thumb/v7-m/nofp/libc.a(lib_a-mprec.o)
                0x0000000008011d50                __mprec_tens
                0x0000000008011e18                __mprec_tinytens
                0x0000000008011e40                __mprec_bigtens
 .rodata        0x0000000008011e68       0x20 /usr/lib/gcc/arm-none-eabi/9.2.1/../../../arm-none-eabi/lib/thumb/v7-m/nofp/libc.a(lib_a-vfiprintf.o)
 *(.rodata*)
 .rodata.str1.4
                0x0000000008011e88       0x32 Core/Src/bluetooth_lib.o
                                         0x36 (size before relaxing)
 *fill*         0x0000000008011eba        0x2 
 .rodata.str1.4
                0x0000000008011ebc       0x57 Core/Src/main.o
 *fill*         0x0000000008011f13        0x1 
 .rodata.str1.4
                0x0000000008011f14       0x11 Drivers/STM32F1xx_HAL_Driver/Src/stm32f1xx_hal_rcc.o
 .rodata.str1.4
                0x0000000008011f25       0x11 Drivers/STM32F1xx_HAL_Driver/Src/stm32f1xx_hal_rcc_ex.o
 *fill*         0x0000000008011f25        0x3 
 .rodata.str1.4
                0x0000000008011f28       0x47 /usr/lib/gcc/arm-none-eabi/9.2.1/../../../arm-none-eabi/lib/thumb/v7-m/nofp/libc.a(lib_a-mprec.o)
 *fill*         0x0000000008011f6f        0x1 
 .rodata.str1.4
                0x0000000008011f70       0x3f /usr/lib/gcc/arm-none-eabi/9.2.1/../../../arm-none-eabi/lib/thumb/v7-m/nofp/libc.a(lib_a-assert.o)
                                         0x43 (size before relaxing)
 *fill*         0x0000000008011faf        0x1 
 .rodata.str1.4
                0x0000000008011fb0       0x46 /usr/lib/gcc/arm-none-eabi/9.2.1/../../../arm-none-eabi/lib/thumb/v7-m/nofp/libc.a(lib_a-dtoa.o)
                                         0x5a (size before relaxing)
 *fill*         0x0000000008011ff6        0x2 
 .rodata.str1.4
                0x0000000008011ff8       0x2f /usr/lib/gcc/arm-none-eabi/9.2.1/../../../arm-none-eabi/lib/thumb/v7-m/nofp/libc.a(lib_a-vfiprintf.o)
 *fill*         0x0000000008012027        0x1 
 .rodata.str1.4
                0x0000000008012028        0xe /usr/lib/gcc/arm-none-eabi/9.2.1/../../../arm-none-eabi/lib/thumb/v7-m/nofp/libc.a(lib_a-locale.o)
                                         0x12 (size before relaxing)
                0x0000000008012038                . = ALIGN (0x4)
 *fill*         0x0000000008012036        0x2 

.ARM.extab      0x0000000008012038        0x0
                0x0000000008012038                . = ALIGN (0x4)
 *(.ARM.extab* .gnu.linkonce.armextab.*)
                0x0000000008012038                . = ALIGN (0x4)

.ARM            0x0000000008012038        0x8
                0x0000000008012038                . = ALIGN (0x4)
                0x0000000008012038                __exidx_start = .
 *(.ARM.exidx*)
 .ARM.exidx     0x0000000008012038        0x8 /usr/lib/gcc/arm-none-eabi/9.2.1/thumb/v7-m/nofp/libgcc.a(_udivmoddi4.o)
                0x0000000008012040                __exidx_end = .
                0x0000000008012040                . = ALIGN (0x4)

.rel.dyn        0x0000000008012040        0x0
 .rel.iplt      0x0000000008012040        0x0 /usr/lib/gcc/arm-none-eabi/9.2.1/thumb/v7-m/nofp/crtbegin.o

.preinit_array  0x0000000008012040        0x0
                0x0000000008012040                . = ALIGN (0x4)
                0x0000000008012040                PROVIDE (__preinit_array_start = .)
 *(.preinit_array*)
                0x0000000008012040                PROVIDE (__preinit_array_end = .)
                0x0000000008012040                . = ALIGN (0x4)

.init_array     0x0000000008012040        0x8
                0x0000000008012040                . = ALIGN (0x4)
                0x0000000008012040                PROVIDE (__init_array_start = .)
 *(SORT_BY_NAME(.init_array.*))
 .init_array.00000
                0x0000000008012040        0x4 /usr/lib/gcc/arm-none-eabi/9.2.1/../../../arm-none-eabi/lib/thumb/v7-m/nofp/libc.a(lib_a-__call_atexit.o)
 *(.init_array*)
 .init_array    0x0000000008012044        0x4 /usr/lib/gcc/arm-none-eabi/9.2.1/thumb/v7-m/nofp/crtbegin.o
                0x0000000008012048                PROVIDE (__init_array_end = .)
                0x0000000008012048                . = ALIGN (0x4)

.fini_array     0x0000000008012048        0x4
                0x0000000008012048                . = ALIGN (0x4)
                0x0000000008012048                PROVIDE (__fini_array_start = .)
 *(SORT_BY_NAME(.fini_array.*))
 *(.fini_array*)
 .fini_array    0x0000000008012048        0x4 /usr/lib/gcc/arm-none-eabi/9.2.1/thumb/v7-m/nofp/crtbegin.o
                0x000000000801204c                PROVIDE (__fini_array_end = .)
                0x000000000801204c                . = ALIGN (0x4)
                0x000000000801204c                _sidata = LOADADDR (.data)

.data           0x0000000020000000      0x9bc load address 0x000000000801204c
                0x0000000020000000                . = ALIGN (0x4)
                0x0000000020000000                _sdata = .
 *(.data)
 .data          0x0000000020000000        0x4 Core/Src/system_stm32f1xx.o
                0x0000000020000000                SystemCoreClock
 .data          0x0000000020000004        0x8 Drivers/STM32F1xx_HAL_Driver/Src/stm32f1xx_hal.o
                0x0000000020000004                uwTickFreq
                0x0000000020000008                uwTickPrio
 *fill*         0x000000002000000c        0x4 
 .data          0x0000000020000010      0x430 /usr/lib/gcc/arm-none-eabi/9.2.1/../../../arm-none-eabi/lib/thumb/v7-m/nofp/libc.a(lib_a-impure.o)
                0x0000000020000010                _impure_ptr
 .data          0x0000000020000440      0x410 /usr/lib/gcc/arm-none-eabi/9.2.1/../../../arm-none-eabi/lib/thumb/v7-m/nofp/libc.a(lib_a-mallocr.o)
                0x0000000020000440                __malloc_av_
                0x0000000020000848                __malloc_sbrk_base
                0x000000002000084c                __malloc_trim_threshold
 .data          0x0000000020000850      0x16c /usr/lib/gcc/arm-none-eabi/9.2.1/../../../arm-none-eabi/lib/thumb/v7-m/nofp/libc.a(lib_a-locale.o)
                0x0000000020000850                __global_locale
 *(.data*)
                0x00000000200009bc                . = ALIGN (0x4)
                0x00000000200009bc                _edata = .

.tm_clone_table
                0x00000000200009bc        0x0 load address 0x0000000008012a08
 .tm_clone_table
                0x00000000200009bc        0x0 /usr/lib/gcc/arm-none-eabi/9.2.1/thumb/v7-m/nofp/crtbegin.o
 .tm_clone_table
                0x00000000200009bc        0x0 /usr/lib/gcc/arm-none-eabi/9.2.1/thumb/v7-m/nofp/crtend.o

.igot.plt       0x00000000200009bc        0x0 load address 0x0000000008012a08
 .igot.plt      0x00000000200009bc        0x0 /usr/lib/gcc/arm-none-eabi/9.2.1/thumb/v7-m/nofp/crtbegin.o
                0x00000000200009bc                . = ALIGN (0x4)

.bss            0x00000000200009bc      0x1b8 load address 0x0000000008012a08
                0x00000000200009bc                _sbss = .
                0x00000000200009bc                __bss_start__ = _sbss
 *(.bss)
 .bss           0x00000000200009bc       0x1c /usr/lib/gcc/arm-none-eabi/9.2.1/thumb/v7-m/nofp/crtbegin.o
 .bss           0x00000000200009d8        0x4 Core/Src/bluetooth_lib.o
                0x00000000200009d8                ledBlinkRatePerSecond
                0x00000000200009db                bufferIndex
 .bss           0x00000000200009dc        0x4 Core/Src/sysmem.o
 .bss           0x00000000200009e0        0x8 Core/Src/temp_lib.o
                0x00000000200009e0                tempCelcius
                0x00000000200009e4                adcBuf
 .bss           0x00000000200009e8       0x34 /usr/lib/gcc/arm-none-eabi/9.2.1/../../../arm-none-eabi/lib/thumb/v7-m/nofp/libc.a(lib_a-mallocr.o)
                0x00000000200009e8                __malloc_top_pad
                0x00000000200009ec                __malloc_current_mallinfo
                0x0000000020000a14                __malloc_max_sbrked_mem
                0x0000000020000a18                __malloc_max_total_mem
 *(.bss*)
 *(COMMON)
 COMMON         0x0000000020000a1c       0x32 Core/Src/bluetooth_lib.o
                0x0000000020000a1c                bluetoothReceiveCommand
 *fill*         0x0000000020000a4e        0x2 
 COMMON         0x0000000020000a50       0xd4 Core/Src/main.o
                0x0000000020000a50                myButtonCtrlHandle
                0x0000000020000a54                hi2c1
                0x0000000020000aa8                redLedCtrlHandle
                0x0000000020000aac                hadc1
                0x0000000020000adc                getTemperatureHandle
                0x0000000020000ae0                huart2
                0x0000000020000b20                onboardLedCtrlHandle
 COMMON         0x0000000020000b24       0x48 Core/Src/stm32f1xx_hal_timebase_tim.o
                0x0000000020000b24                htim3
 COMMON         0x0000000020000b6c        0x4 Drivers/STM32F1xx_HAL_Driver/Src/stm32f1xx_hal.o
                0x0000000020000b6c                uwTick
 COMMON         0x0000000020000b70        0x4 /usr/lib/gcc/arm-none-eabi/9.2.1/../../../arm-none-eabi/lib/thumb/v7-m/nofp/libc.a(lib_a-reent.o)
                0x0000000020000b70                errno
                0x0000000020000b74                . = ALIGN (0x4)
                0x0000000020000b74                _ebss = .
                0x0000000020000b74                __bss_end__ = _ebss

._user_heap_stack
                0x0000000020000b74      0x604 load address 0x0000000008012a08
                0x0000000020000b78                . = ALIGN (0x8)
 *fill*         0x0000000020000b74        0x4 
                [!provide]                        PROVIDE (end = .)
                0x0000000020000b78                PROVIDE (_end = .)
                0x0000000020000d78                . = (. + _Min_Heap_Size)
 *fill*         0x0000000020000b78      0x200 
                0x0000000020001178                . = (. + _Min_Stack_Size)
 *fill*         0x0000000020000d78      0x400 
                0x0000000020001178                . = ALIGN (0x8)

/DISCARD/
 libc.a(*)
 libm.a(*)
 libgcc.a(*)

.ARM.attributes
                0x0000000000000000       0x29
 *(.ARM.attributes)
 .ARM.attributes
                0x0000000000000000       0x1d /usr/lib/gcc/arm-none-eabi/9.2.1/thumb/v7-m/nofp/crti.o
 .ARM.attributes
                0x000000000000001d       0x2d /usr/lib/gcc/arm-none-eabi/9.2.1/thumb/v7-m/nofp/crtbegin.o
 .ARM.attributes
                0x000000000000004a       0x2d Core/Src/bluetooth_lib.o
 .ARM.attributes
                0x0000000000000077       0x2d Core/Src/main.o
 .ARM.attributes
                0x00000000000000a4       0x2d Core/Src/stm32f1xx_hal_msp.o
 .ARM.attributes
                0x00000000000000d1       0x2d Core/Src/stm32f1xx_hal_timebase_tim.o
 .ARM.attributes
                0x00000000000000fe       0x2d Core/Src/stm32f1xx_it.o
 .ARM.attributes
                0x000000000000012b       0x2d Core/Src/syscalls.o
 .ARM.attributes
                0x0000000000000158       0x2d Core/Src/sysmem.o
 .ARM.attributes
                0x0000000000000185       0x2d Core/Src/system_stm32f1xx.o
 .ARM.attributes
                0x00000000000001b2       0x2d Core/Src/temp_lib.o
 .ARM.attributes
                0x00000000000001df       0x2d Drivers/STM32F1xx_HAL_Driver/Src/stm32f1xx_hal.o
 .ARM.attributes
                0x000000000000020c       0x2d Drivers/STM32F1xx_HAL_Driver/Src/stm32f1xx_hal_adc.o
 .ARM.attributes
                0x0000000000000239       0x2d Drivers/STM32F1xx_HAL_Driver/Src/stm32f1xx_hal_adc_ex.o
 .ARM.attributes
                0x0000000000000266       0x2d Drivers/STM32F1xx_HAL_Driver/Src/stm32f1xx_hal_cortex.o
 .ARM.attributes
                0x0000000000000293       0x2d Drivers/STM32F1xx_HAL_Driver/Src/stm32f1xx_hal_dma.o
 .ARM.attributes
                0x00000000000002c0       0x2d Drivers/STM32F1xx_HAL_Driver/Src/stm32f1xx_hal_gpio.o
 .ARM.attributes
                0x00000000000002ed       0x2d Drivers/STM32F1xx_HAL_Driver/Src/stm32f1xx_hal_i2c.o
 .ARM.attributes
                0x000000000000031a       0x2d Drivers/STM32F1xx_HAL_Driver/Src/stm32f1xx_hal_rcc.o
 .ARM.attributes
                0x0000000000000347       0x2d Drivers/STM32F1xx_HAL_Driver/Src/stm32f1xx_hal_rcc_ex.o
 .ARM.attributes
                0x0000000000000374       0x2d Drivers/STM32F1xx_HAL_Driver/Src/stm32f1xx_hal_tim.o
 .ARM.attributes
                0x00000000000003a1       0x2d Drivers/STM32F1xx_HAL_Driver/Src/stm32f1xx_hal_tim_ex.o
 .ARM.attributes
                0x00000000000003ce       0x2d Drivers/STM32F1xx_HAL_Driver/Src/stm32f1xx_hal_uart.o
 .ARM.attributes
                0x00000000000003fb       0x21 Core/Startup/startup_stm32f103c8tx.o
 .ARM.attributes
                0x000000000000041c       0x1d /usr/lib/gcc/arm-none-eabi/9.2.1/thumb/v7-m/nofp/libgcc.a(_arm_addsubdf3.o)
 .ARM.attributes
                0x0000000000000439       0x1d /usr/lib/gcc/arm-none-eabi/9.2.1/thumb/v7-m/nofp/libgcc.a(_arm_muldivdf3.o)
 .ARM.attributes
                0x0000000000000456       0x1d /usr/lib/gcc/arm-none-eabi/9.2.1/thumb/v7-m/nofp/libgcc.a(_arm_truncdfsf2.o)
 .ARM.attributes
                0x0000000000000473       0x2d /usr/lib/gcc/arm-none-eabi/9.2.1/../../../arm-none-eabi/lib/thumb/v7-m/nofp/libc.a(lib_a-atexit.o)
 .ARM.attributes
                0x00000000000004a0       0x2d /usr/lib/gcc/arm-none-eabi/9.2.1/../../../arm-none-eabi/lib/thumb/v7-m/nofp/libc.a(lib_a-atoi.o)
 .ARM.attributes
                0x00000000000004cd       0x2d /usr/lib/gcc/arm-none-eabi/9.2.1/../../../arm-none-eabi/lib/thumb/v7-m/nofp/libc.a(lib_a-efgcvt.o)
 .ARM.attributes
                0x00000000000004fa       0x2d /usr/lib/gcc/arm-none-eabi/9.2.1/../../../arm-none-eabi/lib/thumb/v7-m/nofp/libc.a(lib_a-errno.o)
 .ARM.attributes
                0x0000000000000527       0x2d /usr/lib/gcc/arm-none-eabi/9.2.1/../../../arm-none-eabi/lib/thumb/v7-m/nofp/libc.a(lib_a-fini.o)
 .ARM.attributes
                0x0000000000000554       0x2d /usr/lib/gcc/arm-none-eabi/9.2.1/../../../arm-none-eabi/lib/thumb/v7-m/nofp/libc.a(lib_a-impure.o)
 .ARM.attributes
                0x0000000000000581       0x2d /usr/lib/gcc/arm-none-eabi/9.2.1/../../../arm-none-eabi/lib/thumb/v7-m/nofp/libc.a(lib_a-init.o)
 .ARM.attributes
                0x00000000000005ae       0x2d /usr/lib/gcc/arm-none-eabi/9.2.1/../../../arm-none-eabi/lib/thumb/v7-m/nofp/libc.a(lib_a-memset.o)
 .ARM.attributes
                0x00000000000005db       0x2d /usr/lib/gcc/arm-none-eabi/9.2.1/../../../arm-none-eabi/lib/thumb/v7-m/nofp/libc.a(lib_a-strlen-stub.o)
 .ARM.attributes
                0x0000000000000608       0x2d /usr/lib/gcc/arm-none-eabi/9.2.1/../../../arm-none-eabi/lib/thumb/v7-m/nofp/libc.a(lib_a-strtok.o)
 .ARM.attributes
                0x0000000000000635       0x2d /usr/lib/gcc/arm-none-eabi/9.2.1/../../../arm-none-eabi/lib/thumb/v7-m/nofp/libc.a(lib_a-strtok_r.o)
 .ARM.attributes
                0x0000000000000662       0x2d /usr/lib/gcc/arm-none-eabi/9.2.1/../../../arm-none-eabi/lib/thumb/v7-m/nofp/libc.a(lib_a-strtol.o)
 .ARM.attributes
                0x000000000000068f       0x2d /usr/lib/gcc/arm-none-eabi/9.2.1/../../../arm-none-eabi/lib/thumb/v7-m/nofp/libc.a(lib_a-__atexit.o)
 .ARM.attributes
                0x00000000000006bc       0x2d /usr/lib/gcc/arm-none-eabi/9.2.1/../../../arm-none-eabi/lib/thumb/v7-m/nofp/libc.a(lib_a-__call_atexit.o)
 .ARM.attributes
                0x00000000000006e9       0x2d /usr/lib/gcc/arm-none-eabi/9.2.1/../../../arm-none-eabi/lib/thumb/v7-m/nofp/libc.a(lib_a-ctype_.o)
 .ARM.attributes
                0x0000000000000716       0x2d /usr/lib/gcc/arm-none-eabi/9.2.1/../../../arm-none-eabi/lib/thumb/v7-m/nofp/libc.a(lib_a-ecvtbuf.o)
 .ARM.attributes
                0x0000000000000743       0x2d /usr/lib/gcc/arm-none-eabi/9.2.1/../../../arm-none-eabi/lib/thumb/v7-m/nofp/libc.a(lib_a-mprec.o)
 .ARM.attributes
                0x0000000000000770       0x2d /usr/lib/gcc/arm-none-eabi/9.2.1/../../../arm-none-eabi/lib/thumb/v7-m/nofp/libc.a(lib_a-reallocr.o)
 .ARM.attributes
                0x000000000000079d       0x2d /usr/lib/gcc/arm-none-eabi/9.2.1/../../../arm-none-eabi/lib/thumb/v7-m/nofp/libc.a(lib_a-strcpy.o)
 .ARM.attributes
                0x00000000000007ca       0x2d /usr/lib/gcc/arm-none-eabi/9.2.1/../../../arm-none-eabi/lib/thumb/v7-m/nofp/libc.a(lib_a-assert.o)
 .ARM.attributes
                0x00000000000007f7       0x2d /usr/lib/gcc/arm-none-eabi/9.2.1/../../../arm-none-eabi/lib/thumb/v7-m/nofp/libc.a(lib_a-callocr.o)
 .ARM.attributes
                0x0000000000000824       0x2d /usr/lib/gcc/arm-none-eabi/9.2.1/../../../arm-none-eabi/lib/thumb/v7-m/nofp/libc.a(lib_a-dtoa.o)
 .ARM.attributes
                0x0000000000000851       0x2d /usr/lib/gcc/arm-none-eabi/9.2.1/../../../arm-none-eabi/lib/thumb/v7-m/nofp/libc.a(lib_a-fiprintf.o)
 .ARM.attributes
                0x000000000000087e       0x2d /usr/lib/gcc/arm-none-eabi/9.2.1/../../../arm-none-eabi/lib/thumb/v7-m/nofp/libc.a(lib_a-freer.o)
 .ARM.attributes
                0x00000000000008ab       0x2d /usr/lib/gcc/arm-none-eabi/9.2.1/../../../arm-none-eabi/lib/thumb/v7-m/nofp/libc.a(lib_a-mallocr.o)
 .ARM.attributes
                0x00000000000008d8       0x1b /usr/lib/gcc/arm-none-eabi/9.2.1/../../../arm-none-eabi/lib/thumb/v7-m/nofp/libc.a(lib_a-memcpy.o)
 .ARM.attributes
                0x00000000000008f3       0x2d /usr/lib/gcc/arm-none-eabi/9.2.1/../../../arm-none-eabi/lib/thumb/v7-m/nofp/libc.a(lib_a-memmove.o)
 .ARM.attributes
                0x0000000000000920       0x2d /usr/lib/gcc/arm-none-eabi/9.2.1/../../../arm-none-eabi/lib/thumb/v7-m/nofp/libc.a(lib_a-mlock.o)
 .ARM.attributes
                0x000000000000094d       0x2d /usr/lib/gcc/arm-none-eabi/9.2.1/../../../arm-none-eabi/lib/thumb/v7-m/nofp/libc.a(lib_a-sbrkr.o)
 .ARM.attributes
                0x000000000000097a       0x2d /usr/lib/gcc/arm-none-eabi/9.2.1/../../../arm-none-eabi/lib/thumb/v7-m/nofp/libc.a(lib_a-vfiprintf.o)
 .ARM.attributes
                0x00000000000009a7       0x2d /usr/lib/gcc/arm-none-eabi/9.2.1/../../../arm-none-eabi/lib/thumb/v7-m/nofp/libc.a(lib_a-wsetup.o)
 .ARM.attributes
                0x00000000000009d4       0x2d /usr/lib/gcc/arm-none-eabi/9.2.1/../../../arm-none-eabi/lib/thumb/v7-m/nofp/libc.a(lib_a-abort.o)
 .ARM.attributes
                0x0000000000000a01       0x2d /usr/lib/gcc/arm-none-eabi/9.2.1/../../../arm-none-eabi/lib/thumb/v7-m/nofp/libc.a(lib_a-fflush.o)
 .ARM.attributes
                0x0000000000000a2e       0x2d /usr/lib/gcc/arm-none-eabi/9.2.1/../../../arm-none-eabi/lib/thumb/v7-m/nofp/libc.a(lib_a-findfp.o)
 .ARM.attributes
                0x0000000000000a5b       0x2d /usr/lib/gcc/arm-none-eabi/9.2.1/../../../arm-none-eabi/lib/thumb/v7-m/nofp/libc.a(lib_a-fputwc.o)
 .ARM.attributes
                0x0000000000000a88       0x2d /usr/lib/gcc/arm-none-eabi/9.2.1/../../../arm-none-eabi/lib/thumb/v7-m/nofp/libc.a(lib_a-fvwrite.o)
 .ARM.attributes
                0x0000000000000ab5       0x2d /usr/lib/gcc/arm-none-eabi/9.2.1/../../../arm-none-eabi/lib/thumb/v7-m/nofp/libc.a(lib_a-fwalk.o)
 .ARM.attributes
                0x0000000000000ae2       0x2d /usr/lib/gcc/arm-none-eabi/9.2.1/../../../arm-none-eabi/lib/thumb/v7-m/nofp/libc.a(lib_a-locale.o)
 .ARM.attributes
                0x0000000000000b0f       0x2d /usr/lib/gcc/arm-none-eabi/9.2.1/../../../arm-none-eabi/lib/thumb/v7-m/nofp/libc.a(lib_a-makebuf.o)
 .ARM.attributes
                0x0000000000000b3c       0x2d /usr/lib/gcc/arm-none-eabi/9.2.1/../../../arm-none-eabi/lib/thumb/v7-m/nofp/libc.a(lib_a-mbtowc_r.o)
 .ARM.attributes
                0x0000000000000b69       0x2d /usr/lib/gcc/arm-none-eabi/9.2.1/../../../arm-none-eabi/lib/thumb/v7-m/nofp/libc.a(lib_a-memchr-stub.o)
 .ARM.attributes
                0x0000000000000b96       0x2d /usr/lib/gcc/arm-none-eabi/9.2.1/../../../arm-none-eabi/lib/thumb/v7-m/nofp/libc.a(lib_a-reent.o)
 .ARM.attributes
                0x0000000000000bc3       0x2d /usr/lib/gcc/arm-none-eabi/9.2.1/../../../arm-none-eabi/lib/thumb/v7-m/nofp/libc.a(lib_a-signal.o)
 .ARM.attributes
                0x0000000000000bf0       0x2d /usr/lib/gcc/arm-none-eabi/9.2.1/../../../arm-none-eabi/lib/thumb/v7-m/nofp/libc.a(lib_a-signalr.o)
 .ARM.attributes
                0x0000000000000c1d       0x2d /usr/lib/gcc/arm-none-eabi/9.2.1/../../../arm-none-eabi/lib/thumb/v7-m/nofp/libc.a(lib_a-stdio.o)
 .ARM.attributes
                0x0000000000000c4a       0x1b /usr/lib/gcc/arm-none-eabi/9.2.1/../../../arm-none-eabi/lib/thumb/v7-m/nofp/libc.a(lib_a-strcmp.o)
 .ARM.attributes
                0x0000000000000c65       0x2d /usr/lib/gcc/arm-none-eabi/9.2.1/../../../arm-none-eabi/lib/thumb/v7-m/nofp/libc.a(lib_a-wbuf.o)
 .ARM.attributes
                0x0000000000000c92       0x2d /usr/lib/gcc/arm-none-eabi/9.2.1/../../../arm-none-eabi/lib/thumb/v7-m/nofp/libc.a(lib_a-wcrtomb.o)
 .ARM.attributes
                0x0000000000000cbf       0x2d /usr/lib/gcc/arm-none-eabi/9.2.1/../../../arm-none-eabi/lib/thumb/v7-m/nofp/libc.a(lib_a-wctomb_r.o)
 .ARM.attributes
                0x0000000000000cec       0x2d /usr/lib/gcc/arm-none-eabi/9.2.1/../../../arm-none-eabi/lib/thumb/v7-m/nofp/libc.a(lib_a-writer.o)
 .ARM.attributes
                0x0000000000000d19       0x2d /usr/lib/gcc/arm-none-eabi/9.2.1/../../../arm-none-eabi/lib/thumb/v7-m/nofp/libc.a(lib_a-closer.o)
 .ARM.attributes
                0x0000000000000d46       0x2d /usr/lib/gcc/arm-none-eabi/9.2.1/../../../arm-none-eabi/lib/thumb/v7-m/nofp/libc.a(lib_a-fclose.o)
 .ARM.attributes
                0x0000000000000d73       0x2d /usr/lib/gcc/arm-none-eabi/9.2.1/../../../arm-none-eabi/lib/thumb/v7-m/nofp/libc.a(lib_a-fstatr.o)
 .ARM.attributes
                0x0000000000000da0       0x2d /usr/lib/gcc/arm-none-eabi/9.2.1/../../../arm-none-eabi/lib/thumb/v7-m/nofp/libc.a(lib_a-isattyr.o)
 .ARM.attributes
                0x0000000000000dcd       0x2d /usr/lib/gcc/arm-none-eabi/9.2.1/../../../arm-none-eabi/lib/thumb/v7-m/nofp/libc.a(lib_a-lseekr.o)
 .ARM.attributes
                0x0000000000000dfa       0x2d /usr/lib/gcc/arm-none-eabi/9.2.1/../../../arm-none-eabi/lib/thumb/v7-m/nofp/libc.a(lib_a-readr.o)
 .ARM.attributes
                0x0000000000000e27       0x1d /usr/lib/gcc/arm-none-eabi/9.2.1/thumb/v7-m/nofp/libgcc.a(_arm_cmpdf2.o)
 .ARM.attributes
                0x0000000000000e44       0x1d /usr/lib/gcc/arm-none-eabi/9.2.1/thumb/v7-m/nofp/libgcc.a(_arm_fixdfsi.o)
 .ARM.attributes
                0x0000000000000e61       0x1d /usr/lib/gcc/arm-none-eabi/9.2.1/thumb/v7-m/nofp/libgcc.a(_aeabi_uldivmod.o)
 .ARM.attributes
                0x0000000000000e7e       0x2d /usr/lib/gcc/arm-none-eabi/9.2.1/thumb/v7-m/nofp/libgcc.a(_udivmoddi4.o)
 .ARM.attributes
                0x0000000000000eab       0x1d /usr/lib/gcc/arm-none-eabi/9.2.1/thumb/v7-m/nofp/libgcc.a(_dvmd_tls.o)
 .ARM.attributes
                0x0000000000000ec8       0x2d /usr/lib/gcc/arm-none-eabi/9.2.1/thumb/v7-m/nofp/crtend.o
 .ARM.attributes
                0x0000000000000ef5       0x1d /usr/lib/gcc/arm-none-eabi/9.2.1/thumb/v7-m/nofp/crtn.o
OUTPUT(main.elf elf32-littlearm)
LOAD linker stubs
LOAD /usr/lib/gcc/arm-none-eabi/9.2.1/../../../arm-none-eabi/lib/thumb/v7-m/nofp/libc.a
LOAD /usr/lib/gcc/arm-none-eabi/9.2.1/../../../arm-none-eabi/lib/thumb/v7-m/nofp/libm.a
LOAD /usr/lib/gcc/arm-none-eabi/9.2.1/thumb/v7-m/nofp/libgcc.a

.comment        0x0000000000000000       0xa7
 .comment       0x0000000000000000       0x59 /usr/lib/gcc/arm-none-eabi/9.2.1/thumb/v7-m/nofp/crtbegin.o
                                         0x5a (size before relaxing)
 .comment       0x0000000000000059       0x5a Core/Src/bluetooth_lib.o
 .comment       0x0000000000000059       0x5a Core/Src/main.o
 .comment       0x0000000000000059       0x5a Core/Src/stm32f1xx_hal_msp.o
 .comment       0x0000000000000059       0x5a Core/Src/stm32f1xx_hal_timebase_tim.o
 .comment       0x0000000000000059       0x5a Core/Src/stm32f1xx_it.o
 .comment       0x0000000000000059       0x5a Core/Src/syscalls.o
 .comment       0x0000000000000059       0x5a Core/Src/sysmem.o
 .comment       0x0000000000000059       0x5a Core/Src/system_stm32f1xx.o
 .comment       0x0000000000000059       0x5a Core/Src/temp_lib.o
 .comment       0x0000000000000059       0x5a Drivers/STM32F1xx_HAL_Driver/Src/stm32f1xx_hal.o
 .comment       0x0000000000000059       0x5a Drivers/STM32F1xx_HAL_Driver/Src/stm32f1xx_hal_adc.o
 .comment       0x0000000000000059       0x5a Drivers/STM32F1xx_HAL_Driver/Src/stm32f1xx_hal_adc_ex.o
 .comment       0x0000000000000059       0x5a Drivers/STM32F1xx_HAL_Driver/Src/stm32f1xx_hal_cortex.o
 .comment       0x0000000000000059       0x5a Drivers/STM32F1xx_HAL_Driver/Src/stm32f1xx_hal_dma.o
 .comment       0x0000000000000059       0x5a Drivers/STM32F1xx_HAL_Driver/Src/stm32f1xx_hal_gpio.o
 .comment       0x0000000000000059       0x5a Drivers/STM32F1xx_HAL_Driver/Src/stm32f1xx_hal_i2c.o
 .comment       0x0000000000000059       0x5a Drivers/STM32F1xx_HAL_Driver/Src/stm32f1xx_hal_rcc.o
 .comment       0x0000000000000059       0x5a Drivers/STM32F1xx_HAL_Driver/Src/stm32f1xx_hal_rcc_ex.o
 .comment       0x0000000000000059       0x5a Drivers/STM32F1xx_HAL_Driver/Src/stm32f1xx_hal_tim.o
 .comment       0x0000000000000059       0x5a Drivers/STM32F1xx_HAL_Driver/Src/stm32f1xx_hal_tim_ex.o
 .comment       0x0000000000000059       0x5a Drivers/STM32F1xx_HAL_Driver/Src/stm32f1xx_hal_uart.o
 .comment       0x0000000000000059       0x4e /usr/lib/gcc/arm-none-eabi/9.2.1/../../../arm-none-eabi/lib/thumb/v7-m/nofp/libc.a(lib_a-atexit.o)
                                         0x4f (size before relaxing)
 .comment       0x00000000000000a7       0x4f /usr/lib/gcc/arm-none-eabi/9.2.1/../../../arm-none-eabi/lib/thumb/v7-m/nofp/libc.a(lib_a-atoi.o)
 .comment       0x00000000000000a7       0x4f /usr/lib/gcc/arm-none-eabi/9.2.1/../../../arm-none-eabi/lib/thumb/v7-m/nofp/libc.a(lib_a-efgcvt.o)
 .comment       0x00000000000000a7       0x4f /usr/lib/gcc/arm-none-eabi/9.2.1/../../../arm-none-eabi/lib/thumb/v7-m/nofp/libc.a(lib_a-errno.o)
 .comment       0x00000000000000a7       0x4f /usr/lib/gcc/arm-none-eabi/9.2.1/../../../arm-none-eabi/lib/thumb/v7-m/nofp/libc.a(lib_a-fini.o)
 .comment       0x00000000000000a7       0x4f /usr/lib/gcc/arm-none-eabi/9.2.1/../../../arm-none-eabi/lib/thumb/v7-m/nofp/libc.a(lib_a-impure.o)
 .comment       0x00000000000000a7       0x4f /usr/lib/gcc/arm-none-eabi/9.2.1/../../../arm-none-eabi/lib/thumb/v7-m/nofp/libc.a(lib_a-init.o)
 .comment       0x00000000000000a7       0x4f /usr/lib/gcc/arm-none-eabi/9.2.1/../../../arm-none-eabi/lib/thumb/v7-m/nofp/libc.a(lib_a-memset.o)
 .comment       0x00000000000000a7       0x4f /usr/lib/gcc/arm-none-eabi/9.2.1/../../../arm-none-eabi/lib/thumb/v7-m/nofp/libc.a(lib_a-strlen-stub.o)
 .comment       0x00000000000000a7       0x4f /usr/lib/gcc/arm-none-eabi/9.2.1/../../../arm-none-eabi/lib/thumb/v7-m/nofp/libc.a(lib_a-strtok.o)
 .comment       0x00000000000000a7       0x4f /usr/lib/gcc/arm-none-eabi/9.2.1/../../../arm-none-eabi/lib/thumb/v7-m/nofp/libc.a(lib_a-strtok_r.o)
 .comment       0x00000000000000a7       0x4f /usr/lib/gcc/arm-none-eabi/9.2.1/../../../arm-none-eabi/lib/thumb/v7-m/nofp/libc.a(lib_a-strtol.o)
 .comment       0x00000000000000a7       0x4f /usr/lib/gcc/arm-none-eabi/9.2.1/../../../arm-none-eabi/lib/thumb/v7-m/nofp/libc.a(lib_a-__atexit.o)
 .comment       0x00000000000000a7       0x4f /usr/lib/gcc/arm-none-eabi/9.2.1/../../../arm-none-eabi/lib/thumb/v7-m/nofp/libc.a(lib_a-__call_atexit.o)
 .comment       0x00000000000000a7       0x4f /usr/lib/gcc/arm-none-eabi/9.2.1/../../../arm-none-eabi/lib/thumb/v7-m/nofp/libc.a(lib_a-ctype_.o)
 .comment       0x00000000000000a7       0x4f /usr/lib/gcc/arm-none-eabi/9.2.1/../../../arm-none-eabi/lib/thumb/v7-m/nofp/libc.a(lib_a-ecvtbuf.o)
 .comment       0x00000000000000a7       0x4f /usr/lib/gcc/arm-none-eabi/9.2.1/../../../arm-none-eabi/lib/thumb/v7-m/nofp/libc.a(lib_a-mprec.o)
 .comment       0x00000000000000a7       0x4f /usr/lib/gcc/arm-none-eabi/9.2.1/../../../arm-none-eabi/lib/thumb/v7-m/nofp/libc.a(lib_a-reallocr.o)
 .comment       0x00000000000000a7       0x4f /usr/lib/gcc/arm-none-eabi/9.2.1/../../../arm-none-eabi/lib/thumb/v7-m/nofp/libc.a(lib_a-strcpy.o)
 .comment       0x00000000000000a7       0x4f /usr/lib/gcc/arm-none-eabi/9.2.1/../../../arm-none-eabi/lib/thumb/v7-m/nofp/libc.a(lib_a-assert.o)
 .comment       0x00000000000000a7       0x4f /usr/lib/gcc/arm-none-eabi/9.2.1/../../../arm-none-eabi/lib/thumb/v7-m/nofp/libc.a(lib_a-callocr.o)
 .comment       0x00000000000000a7       0x4f /usr/lib/gcc/arm-none-eabi/9.2.1/../../../arm-none-eabi/lib/thumb/v7-m/nofp/libc.a(lib_a-dtoa.o)
 .comment       0x00000000000000a7       0x4f /usr/lib/gcc/arm-none-eabi/9.2.1/../../../arm-none-eabi/lib/thumb/v7-m/nofp/libc.a(lib_a-fiprintf.o)
 .comment       0x00000000000000a7       0x4f /usr/lib/gcc/arm-none-eabi/9.2.1/../../../arm-none-eabi/lib/thumb/v7-m/nofp/libc.a(lib_a-freer.o)
 .comment       0x00000000000000a7       0x4f /usr/lib/gcc/arm-none-eabi/9.2.1/../../../arm-none-eabi/lib/thumb/v7-m/nofp/libc.a(lib_a-mallocr.o)
 .comment       0x00000000000000a7       0x4f /usr/lib/gcc/arm-none-eabi/9.2.1/../../../arm-none-eabi/lib/thumb/v7-m/nofp/libc.a(lib_a-memmove.o)
 .comment       0x00000000000000a7       0x4f /usr/lib/gcc/arm-none-eabi/9.2.1/../../../arm-none-eabi/lib/thumb/v7-m/nofp/libc.a(lib_a-mlock.o)
 .comment       0x00000000000000a7       0x4f /usr/lib/gcc/arm-none-eabi/9.2.1/../../../arm-none-eabi/lib/thumb/v7-m/nofp/libc.a(lib_a-sbrkr.o)
 .comment       0x00000000000000a7       0x4f /usr/lib/gcc/arm-none-eabi/9.2.1/../../../arm-none-eabi/lib/thumb/v7-m/nofp/libc.a(lib_a-vfiprintf.o)
 .comment       0x00000000000000a7       0x4f /usr/lib/gcc/arm-none-eabi/9.2.1/../../../arm-none-eabi/lib/thumb/v7-m/nofp/libc.a(lib_a-wsetup.o)
 .comment       0x00000000000000a7       0x4f /usr/lib/gcc/arm-none-eabi/9.2.1/../../../arm-none-eabi/lib/thumb/v7-m/nofp/libc.a(lib_a-abort.o)
 .comment       0x00000000000000a7       0x4f /usr/lib/gcc/arm-none-eabi/9.2.1/../../../arm-none-eabi/lib/thumb/v7-m/nofp/libc.a(lib_a-fflush.o)
 .comment       0x00000000000000a7       0x4f /usr/lib/gcc/arm-none-eabi/9.2.1/../../../arm-none-eabi/lib/thumb/v7-m/nofp/libc.a(lib_a-findfp.o)
 .comment       0x00000000000000a7       0x4f /usr/lib/gcc/arm-none-eabi/9.2.1/../../../arm-none-eabi/lib/thumb/v7-m/nofp/libc.a(lib_a-fputwc.o)
 .comment       0x00000000000000a7       0x4f /usr/lib/gcc/arm-none-eabi/9.2.1/../../../arm-none-eabi/lib/thumb/v7-m/nofp/libc.a(lib_a-fvwrite.o)
 .comment       0x00000000000000a7       0x4f /usr/lib/gcc/arm-none-eabi/9.2.1/../../../arm-none-eabi/lib/thumb/v7-m/nofp/libc.a(lib_a-fwalk.o)
 .comment       0x00000000000000a7       0x4f /usr/lib/gcc/arm-none-eabi/9.2.1/../../../arm-none-eabi/lib/thumb/v7-m/nofp/libc.a(lib_a-locale.o)
 .comment       0x00000000000000a7       0x4f /usr/lib/gcc/arm-none-eabi/9.2.1/../../../arm-none-eabi/lib/thumb/v7-m/nofp/libc.a(lib_a-makebuf.o)
 .comment       0x00000000000000a7       0x4f /usr/lib/gcc/arm-none-eabi/9.2.1/../../../arm-none-eabi/lib/thumb/v7-m/nofp/libc.a(lib_a-mbtowc_r.o)
 .comment       0x00000000000000a7       0x4f /usr/lib/gcc/arm-none-eabi/9.2.1/../../../arm-none-eabi/lib/thumb/v7-m/nofp/libc.a(lib_a-memchr-stub.o)
 .comment       0x00000000000000a7       0x4f /usr/lib/gcc/arm-none-eabi/9.2.1/../../../arm-none-eabi/lib/thumb/v7-m/nofp/libc.a(lib_a-reent.o)
 .comment       0x00000000000000a7       0x4f /usr/lib/gcc/arm-none-eabi/9.2.1/../../../arm-none-eabi/lib/thumb/v7-m/nofp/libc.a(lib_a-signal.o)
 .comment       0x00000000000000a7       0x4f /usr/lib/gcc/arm-none-eabi/9.2.1/../../../arm-none-eabi/lib/thumb/v7-m/nofp/libc.a(lib_a-signalr.o)
 .comment       0x00000000000000a7       0x4f /usr/lib/gcc/arm-none-eabi/9.2.1/../../../arm-none-eabi/lib/thumb/v7-m/nofp/libc.a(lib_a-stdio.o)
 .comment       0x00000000000000a7       0x4f /usr/lib/gcc/arm-none-eabi/9.2.1/../../../arm-none-eabi/lib/thumb/v7-m/nofp/libc.a(lib_a-wbuf.o)
 .comment       0x00000000000000a7       0x4f /usr/lib/gcc/arm-none-eabi/9.2.1/../../../arm-none-eabi/lib/thumb/v7-m/nofp/libc.a(lib_a-wcrtomb.o)
 .comment       0x00000000000000a7       0x4f /usr/lib/gcc/arm-none-eabi/9.2.1/../../../arm-none-eabi/lib/thumb/v7-m/nofp/libc.a(lib_a-wctomb_r.o)
 .comment       0x00000000000000a7       0x4f /usr/lib/gcc/arm-none-eabi/9.2.1/../../../arm-none-eabi/lib/thumb/v7-m/nofp/libc.a(lib_a-writer.o)
 .comment       0x00000000000000a7       0x4f /usr/lib/gcc/arm-none-eabi/9.2.1/../../../arm-none-eabi/lib/thumb/v7-m/nofp/libc.a(lib_a-closer.o)
 .comment       0x00000000000000a7       0x4f /usr/lib/gcc/arm-none-eabi/9.2.1/../../../arm-none-eabi/lib/thumb/v7-m/nofp/libc.a(lib_a-fclose.o)
 .comment       0x00000000000000a7       0x4f /usr/lib/gcc/arm-none-eabi/9.2.1/../../../arm-none-eabi/lib/thumb/v7-m/nofp/libc.a(lib_a-fstatr.o)
 .comment       0x00000000000000a7       0x4f /usr/lib/gcc/arm-none-eabi/9.2.1/../../../arm-none-eabi/lib/thumb/v7-m/nofp/libc.a(lib_a-isattyr.o)
 .comment       0x00000000000000a7       0x4f /usr/lib/gcc/arm-none-eabi/9.2.1/../../../arm-none-eabi/lib/thumb/v7-m/nofp/libc.a(lib_a-lseekr.o)
 .comment       0x00000000000000a7       0x4f /usr/lib/gcc/arm-none-eabi/9.2.1/../../../arm-none-eabi/lib/thumb/v7-m/nofp/libc.a(lib_a-readr.o)
 .comment       0x00000000000000a7       0x5a /usr/lib/gcc/arm-none-eabi/9.2.1/thumb/v7-m/nofp/libgcc.a(_udivmoddi4.o)
 .comment       0x00000000000000a7       0x5a /usr/lib/gcc/arm-none-eabi/9.2.1/thumb/v7-m/nofp/crtend.o

.debug_line     0x0000000000000000     0xc82b
 .debug_line    0x0000000000000000      0x186 /usr/lib/gcc/arm-none-eabi/9.2.1/thumb/v7-m/nofp/libgcc.a(_arm_addsubdf3.o)
 .debug_line    0x0000000000000186      0x19b /usr/lib/gcc/arm-none-eabi/9.2.1/thumb/v7-m/nofp/libgcc.a(_arm_muldivdf3.o)
 .debug_line    0x0000000000000321       0x8d /usr/lib/gcc/arm-none-eabi/9.2.1/thumb/v7-m/nofp/libgcc.a(_arm_truncdfsf2.o)
 .debug_line    0x00000000000003ae      0x14a /usr/lib/gcc/arm-none-eabi/9.2.1/../../../arm-none-eabi/lib/thumb/v7-m/nofp/libc.a(lib_a-atexit.o)
 .debug_line    0x00000000000004f8      0x14e /usr/lib/gcc/arm-none-eabi/9.2.1/../../../arm-none-eabi/lib/thumb/v7-m/nofp/libc.a(lib_a-atoi.o)
 .debug_line    0x0000000000000646      0x2a1 /usr/lib/gcc/arm-none-eabi/9.2.1/../../../arm-none-eabi/lib/thumb/v7-m/nofp/libc.a(lib_a-efgcvt.o)
 .debug_line    0x00000000000008e7      0x108 /usr/lib/gcc/arm-none-eabi/9.2.1/../../../arm-none-eabi/lib/thumb/v7-m/nofp/libc.a(lib_a-errno.o)
 .debug_line    0x00000000000009ef       0xd7 /usr/lib/gcc/arm-none-eabi/9.2.1/../../../arm-none-eabi/lib/thumb/v7-m/nofp/libc.a(lib_a-fini.o)
 .debug_line    0x0000000000000ac6       0xe3 /usr/lib/gcc/arm-none-eabi/9.2.1/../../../arm-none-eabi/lib/thumb/v7-m/nofp/libc.a(lib_a-impure.o)
 .debug_line    0x0000000000000ba9      0x114 /usr/lib/gcc/arm-none-eabi/9.2.1/../../../arm-none-eabi/lib/thumb/v7-m/nofp/libc.a(lib_a-init.o)
 .debug_line    0x0000000000000cbd      0x26b /usr/lib/gcc/arm-none-eabi/9.2.1/../../../arm-none-eabi/lib/thumb/v7-m/nofp/libc.a(lib_a-memset.o)
 .debug_line    0x0000000000000f28      0x14e /usr/lib/gcc/arm-none-eabi/9.2.1/../../../arm-none-eabi/lib/thumb/v7-m/nofp/libc.a(lib_a-strlen-stub.o)
 .debug_line    0x0000000000001076      0x157 /usr/lib/gcc/arm-none-eabi/9.2.1/../../../arm-none-eabi/lib/thumb/v7-m/nofp/libc.a(lib_a-strtok.o)
 .debug_line    0x00000000000011cd      0x237 /usr/lib/gcc/arm-none-eabi/9.2.1/../../../arm-none-eabi/lib/thumb/v7-m/nofp/libc.a(lib_a-strtok_r.o)
 .debug_line    0x0000000000001404      0x3cf /usr/lib/gcc/arm-none-eabi/9.2.1/../../../arm-none-eabi/lib/thumb/v7-m/nofp/libc.a(lib_a-strtol.o)
 .debug_line    0x00000000000017d3      0x1e7 /usr/lib/gcc/arm-none-eabi/9.2.1/../../../arm-none-eabi/lib/thumb/v7-m/nofp/libc.a(lib_a-__atexit.o)
 .debug_line    0x00000000000019ba      0x23d /usr/lib/gcc/arm-none-eabi/9.2.1/../../../arm-none-eabi/lib/thumb/v7-m/nofp/libc.a(lib_a-__call_atexit.o)
 .debug_line    0x0000000000001bf7      0x154 /usr/lib/gcc/arm-none-eabi/9.2.1/../../../arm-none-eabi/lib/thumb/v7-m/nofp/libc.a(lib_a-ctype_.o)
 .debug_line    0x0000000000001d4b      0x7c5 /usr/lib/gcc/arm-none-eabi/9.2.1/../../../arm-none-eabi/lib/thumb/v7-m/nofp/libc.a(lib_a-ecvtbuf.o)
 .debug_line    0x0000000000002510     0x1451 /usr/lib/gcc/arm-none-eabi/9.2.1/../../../arm-none-eabi/lib/thumb/v7-m/nofp/libc.a(lib_a-mprec.o)
 .debug_line    0x0000000000003961      0x66d /usr/lib/gcc/arm-none-eabi/9.2.1/../../../arm-none-eabi/lib/thumb/v7-m/nofp/libc.a(lib_a-reallocr.o)
 .debug_line    0x0000000000003fce      0x149 /usr/lib/gcc/arm-none-eabi/9.2.1/../../../arm-none-eabi/lib/thumb/v7-m/nofp/libc.a(lib_a-strcpy.o)
 .debug_line    0x0000000000004117      0x193 /usr/lib/gcc/arm-none-eabi/9.2.1/../../../arm-none-eabi/lib/thumb/v7-m/nofp/libc.a(lib_a-assert.o)
 .debug_line    0x00000000000042aa      0x1bb /usr/lib/gcc/arm-none-eabi/9.2.1/../../../arm-none-eabi/lib/thumb/v7-m/nofp/libc.a(lib_a-callocr.o)
 .debug_line    0x0000000000004465     0x13bd /usr/lib/gcc/arm-none-eabi/9.2.1/../../../arm-none-eabi/lib/thumb/v7-m/nofp/libc.a(lib_a-dtoa.o)
 .debug_line    0x0000000000005822      0x198 /usr/lib/gcc/arm-none-eabi/9.2.1/../../../arm-none-eabi/lib/thumb/v7-m/nofp/libc.a(lib_a-fiprintf.o)
 .debug_line    0x00000000000059ba      0x518 /usr/lib/gcc/arm-none-eabi/9.2.1/../../../arm-none-eabi/lib/thumb/v7-m/nofp/libc.a(lib_a-freer.o)
 .debug_line    0x0000000000005ed2      0x88c /usr/lib/gcc/arm-none-eabi/9.2.1/../../../arm-none-eabi/lib/thumb/v7-m/nofp/libc.a(lib_a-mallocr.o)